Archive member included because of file (symbol)

c:\Users\s133023402\AppData\Roaming\Code\User\globalStorage\vexrobotics.vexcode\sdk\cpp\V5\V5_20240802_15_00_00/vexv5\libv5rt.a(v5_startup.c.obj)
                              (vexStartup)
c:\Users\s133023402\AppData\Roaming\Code\User\globalStorage\vexrobotics.vexcode\sdk\cpp\V5\V5_20240802_15_00_00/vexv5\libv5rt.a(v5_util.c.obj)
                              c:\Users\s133023402\AppData\Roaming\Code\User\globalStorage\vexrobotics.vexcode\sdk\cpp\V5\V5_20240802_15_00_00/vexv5\libv5rt.a(v5_startup.c.obj) (vexStdlibVersionLinked)
c:\Users\s133023402\AppData\Roaming\Code\User\globalStorage\vexrobotics.vexcode\sdk\cpp\V5\V5_20240802_15_00_00/vexv5\libv5rt.a(v5_apijump.c.obj)
                              c:\Users\s133023402\AppData\Roaming\Code\User\globalStorage\vexrobotics.vexcode\sdk\cpp\V5\V5_20240802_15_00_00/vexv5\libv5rt.a(v5_startup.c.obj) (vexPrivateApiEnable)
c:\Users\s133023402\AppData\Roaming\Code\User\globalStorage\vexrobotics.vexcode\sdk\cpp\V5\V5_20240802_15_00_00/vexv5\libv5rt.a(v5_apiversions.c.obj)
                              c:\Users\s133023402\AppData\Roaming\Code\User\globalStorage\vexrobotics.vexcode\sdk\cpp\V5\V5_20240802_15_00_00/vexv5\libv5rt.a(v5_apijump.c.obj) (vexSystemVersion)
c:\Users\s133023402\AppData\Roaming\Code\User\globalStorage\vexrobotics.vexcode\sdk\cpp\V5\V5_20240802_15_00_00/vexv5\libv5rt.a(vex_global.cpp.obj)
                              build/src/main.o (vex::wait(double, vex::timeUnits))
c:\Users\s133023402\AppData\Roaming\Code\User\globalStorage\vexrobotics.vexcode\sdk\cpp\V5\V5_20240802_15_00_00/vexv5\libv5rt.a(vex_motor.cpp.obj)
                              build/src/robot-config.o (vex::motor::~motor())
c:\Users\s133023402\AppData\Roaming\Code\User\globalStorage\vexrobotics.vexcode\sdk\cpp\V5\V5_20240802_15_00_00/vexv5\libv5rt.a(vex_imu.cpp.obj)
                              build/src/robot-config.o (vex::inertial::setHeading(double, vex::rotationUnits))
c:\Users\s133023402\AppData\Roaming\Code\User\globalStorage\vexrobotics.vexcode\sdk\cpp\V5\V5_20240802_15_00_00/vexv5\libv5rt.a(vex_rotation.cpp.obj)
                              build/src/robot-config.o (vex::rotation::~rotation())
c:\Users\s133023402\AppData\Roaming\Code\User\globalStorage\vexrobotics.vexcode\sdk\cpp\V5\V5_20240802_15_00_00/vexv5\libv5rt.a(vex_optical.cpp.obj)
                              build/src/robot-config.o (vex::optical::~optical())
c:\Users\s133023402\AppData\Roaming\Code\User\globalStorage\vexrobotics.vexcode\sdk\cpp\V5\V5_20240802_15_00_00/vexv5\libv5rt.a(vex_controller.cpp.obj)
                              build/src/robot-config.o (vex::controller::~controller())
c:\Users\s133023402\AppData\Roaming\Code\User\globalStorage\vexrobotics.vexcode\sdk\cpp\V5\V5_20240802_15_00_00/vexv5\libv5rt.a(vex_task.cpp.obj)
                              build/src/main.o (vex::task::task(int (*)()))
c:\Users\s133023402\AppData\Roaming\Code\User\globalStorage\vexrobotics.vexcode\sdk\cpp\V5\V5_20240802_15_00_00/vexv5\libv5rt.a(vex_thread.cpp.obj)
                              c:\Users\s133023402\AppData\Roaming\Code\User\globalStorage\vexrobotics.vexcode\sdk\cpp\V5\V5_20240802_15_00_00/vexv5\libv5rt.a(vex_global.cpp.obj) (vex::this_thread::sleep_for(unsigned long))
c:\Users\s133023402\AppData\Roaming\Code\User\globalStorage\vexrobotics.vexcode\sdk\cpp\V5\V5_20240802_15_00_00/vexv5\libv5rt.a(vex_event.cpp.obj)
                              c:\Users\s133023402\AppData\Roaming\Code\User\globalStorage\vexrobotics.vexcode\sdk\cpp\V5\V5_20240802_15_00_00/vexv5\libv5rt.a(vex_imu.cpp.obj) (vex::event::init(unsigned long, unsigned long, void (*)()))
c:\Users\s133023402\AppData\Roaming\Code\User\globalStorage\vexrobotics.vexcode\sdk\cpp\V5\V5_20240802_15_00_00/vexv5\libv5rt.a(vex_mevent.cpp.obj)
                              c:\Users\s133023402\AppData\Roaming\Code\User\globalStorage\vexrobotics.vexcode\sdk\cpp\V5\V5_20240802_15_00_00/vexv5\libv5rt.a(vex_controller.cpp.obj) (vex::mevent::mevent(unsigned long, unsigned long))
c:\Users\s133023402\AppData\Roaming\Code\User\globalStorage\vexrobotics.vexcode\sdk\cpp\V5\V5_20240802_15_00_00/vexv5\libv5rt.a(vex_brain.cpp.obj)
                              build/src/auton-selector.o (vex::brain::lcd::setFont(vex::fontType))
c:\Users\s133023402\AppData\Roaming\Code\User\globalStorage\vexrobotics.vexcode\sdk\cpp\V5\V5_20240802_15_00_00/vexv5\libv5rt.a(vex_competition.cpp.obj)
                              build/src/main.o (vex::competition::competition())
c:\Users\s133023402\AppData\Roaming\Code\User\globalStorage\vexrobotics.vexcode\sdk\cpp\V5\V5_20240802_15_00_00/vexv5\libv5rt.a(vex_triport.cpp.obj)
                              c:\Users\s133023402\AppData\Roaming\Code\User\globalStorage\vexrobotics.vexcode\sdk\cpp\V5\V5_20240802_15_00_00/vexv5\libv5rt.a(vex_brain.cpp.obj) (vex::triport::~triport())
[...]
Memory Configuration

Name             Origin             Length             Attributes
ps7_ddr_0_S_AXI_BASEADDR 0x03800000         0x04800000
*default*        0x00000000         0xffffffff

Linker script and memory map

                0x00002000                _STACK_SIZE = DEFINED (_STACK_SIZE)?_STACK_SIZE:0x2000
                0x00100000                _HEAP_SIZE = DEFINED (_HEAP_SIZE)?_HEAP_SIZE:0x100000
                0x00000400                _ABORT_STACK_SIZE = DEFINED (_ABORT_STACK_SIZE)?_ABORT_STACK_SIZE:0x400
                0x00000800                _SUPERVISOR_STACK_SIZE = DEFINED (_SUPERVISOR_STACK_SIZE)?_SUPERVISOR_STACK_SIZE:0x800
                0x00000400                _IRQ_STACK_SIZE = DEFINED (_IRQ_STACK_SIZE)?_IRQ_STACK_SIZE:0x400
                0x00000400                _FIQ_STACK_SIZE = DEFINED (_FIQ_STACK_SIZE)?_FIQ_STACK_SIZE:0x400
                0x00000400                _UNDEF_STACK_SIZE = DEFINED (_UNDEF_STACK_SIZE)?_UNDEF_STACK_SIZE:0x400

.text           0x03800000     0x7750
 *(.vectors)
 *(.boot_data)
 .boot_data     0x03800000       0x20 c:\Users\s133023402\AppData\Roaming\Code\User\globalStorage\vexrobotics.vexcode\sdk\cpp\V5\V5_20240802_15_00_00/vexv5\libv5rt.a(v5_startup.c.obj)
                0x03800000                vexCodeSig
                0x00000020                . = 0x20
 *(.boot)
 .boot          0x03800020       0xbc c:\Users\s133023402\AppData\Roaming\Code\User\globalStorage\vexrobotics.vexcode\sdk\cpp\V5\V5_20240802_15_00_00/vexv5\libv5rt.a(v5_startup.c.obj)
                0x03800020                vexStartup
                0x03800100                . = ALIGN (0x40)
 *fill*         0x038000dc       0x24 
 *(.freertos_vectors)
 *(.text)
 *(.text.*)
 .text.main     0x03800100       0x78 build/src/main.o
                0x03800100                main
 .text._GLOBAL__sub_I_main.cpp
                0x03800178       0x5c build/src/main.o
 .text._GLOBAL__sub_I_autons.cpp
                0x038001d4       0x34 build/src/autons.o
 .text._Z10autonomousv
                0x03800208      0x1c8 build/src/autonomous.o
                0x03800208                autonomous()
 .text._GLOBAL__sub_I_autonomous.cpp
                0x038003d0       0x34 build/src/autonomous.o
 *fill*         0x03800404        0x4 
 .text._ZN3PID3runEv
                0x03800408      0x860 build/src/PID.o
                0x03800408                PID::run()
 .text._Z13turnToHeadingd
                0x03800c68       0x30 build/src/PID.o
                0x03800c68                turnToHeading(double)
 .text._Z10ClawRotated
                0x03800c98       0x30 build/src/PID.o
                0x03800c98                ClawRotate(double)
 .text._GLOBAL__sub_I_PID.cpp
                0x03800cc8       0x34 build/src/PID.o
 .text._Z12colorSortRedv
                0x03800cfc       0x34 build/src/other-functions.o
                0x03800cfc                colorSortRed()
 .text._Z12red_detectedv
                0x03800d30       0xd8 build/src/other-functions.o
                0x03800d30                red_detected()
 .text._Z13colorSortBluev
                0x03800e08       0x34 build/src/other-functions.o
                0x03800e08                colorSortBlue()
 *fill*         0x03800e3c        0x4 
 .text._Z13blue_detectedv
                0x03800e40       0xe8 build/src/other-functions.o
                0x03800e40                blue_detected()
 .text._GLOBAL__sub_I_other_functions.cpp
                0x03800f28       0x34 build/src/other-functions.o
 .text._GLOBAL__sub_I_pure_pursuit.cpp
                0x03800f5c       0x34 build/src/pure-pursuit.o
 .text._ZN3vex11motor_groupC2IJNS_5motorES2_EEERS2_DpRT_
                0x03800f90       0x44 build/src/robot-config.o
                0x03800f90                vex::motor_group::motor_group<vex::motor, vex::motor>(vex::motor&, vex::motor&, vex::motor&)
 .text._Z33rc_auto_loop_function_Controller1v
                0x03800fd4      0x2b0 build/src/robot-config.o
                0x03800fd4                rc_auto_loop_function_Controller1()
 .text._Z11vexcodeInitv
                0x03801284       0xc8 build/src/robot-config.o
                0x03801284                vexcodeInit()
 .text._GLOBAL__sub_I_robot_config.cpp
                0x0380134c      0x574 build/src/robot-config.o
 .text._Z16positionTrackingv
                0x038018c0      0x410 build/src/odometry.o
                0x038018c0                positionTracking()
 .text._Z16setDrivePositionddd
                0x03801cd0       0x90 build/src/odometry.o
                0x03801cd0                setDrivePosition(double, double, double)
 .text._GLOBAL__sub_I_odometry.cpp
                0x03801d60       0x34 build/src/odometry.o
 *fill*         0x03801d94        0x4 
 .text._Z11toggleClampv
                0x03801d98       0x58 build/src/user-control.o
                0x03801d98                toggleClamp()
 .text._Z13toggleDoinkerv
                0x03801df0       0x58 build/src/user-control.o
                0x03801df0                toggleDoinker()
 .text._Z11toggleTeethv
                0x03801e48       0x58 build/src/user-control.o
                0x03801e48                toggleTeeth()
 .text._Z8clawDownv
                0x03801ea0       0x14 build/src/user-control.o
                0x03801ea0                clawDown()
 *fill*         0x03801eb4        0x4 
 .text._Z11usercontrolv
                0x03801eb8      0x360 build/src/user-control.o
                0x03801eb8                usercontrol()
 .text._GLOBAL__sub_I_user_control.cpp
                0x03802218       0x34 build/src/user-control.o
 *fill*         0x0380224c        0x4 
 .text._Z9pre_autonv
                0x03802250       0x80 build/src/pre-auton.o
                0x03802250                pre_auton()
 .text._GLOBAL__sub_I_pre_auton.cpp
                0x038022d0       0x34 build/src/pre-auton.o
 .text._Z9quadrant0v
                0x03802304       0x88 build/src/auton-selector.o
                0x03802304                quadrant0()
 .text._Z9quadrant1v
                0x0380238c       0x88 build/src/auton-selector.o
                0x0380238c                quadrant1()
 .text._Z9quadrant2v
                0x03802414       0x88 build/src/auton-selector.o
                0x03802414                quadrant2()
 .text._Z9quadrant3v
                0x0380249c       0x88 build/src/auton-selector.o
                0x0380249c                quadrant3()
 .text._Z9quadrant4v
                0x03802524       0x88 build/src/auton-selector.o
                0x03802524                quadrant4()
 .text._Z9selectionv
                0x038025ac       0xbc build/src/auton-selector.o
                0x038025ac                selection()
 .text._Z13field_stripesv
                0x03802668       0xa4 build/src/auton-selector.o
                0x03802668                field_stripes()
 .text._Z6ladderv
                0x0380270c       0xa4 build/src/auton-selector.o
                0x0380270c                ladder()
 .text._Z5ringsv
                0x038027b0      0x174 build/src/auton-selector.o
                0x038027b0                rings()
 .text._Z15alliance_stakesv
                0x03802924       0x84 build/src/auton-selector.o
                0x03802924                alliance_stakes()
 .text._Z5goalsv
                0x038029a8      0x42c build/src/auton-selector.o
                0x038029a8                goals()
 .text._Z8graphicsv
                0x03802dd4       0x6c build/src/auton-selector.o
                0x03802dd4                graphics()
 .text._Z5touchv
                0x03802e40      0x6b4 build/src/auton-selector.o
                0x03802e40                touch()
 .text._Z10selectablev
                0x038034f4       0x10 build/src/auton-selector.o
                0x038034f4                selectable()
 .text._GLOBAL__sub_I_auton_selector.cpp
                0x03803504       0x34 build/src/auton-selector.o
 .text.vexMain  0x03803538       0xb0 c:\Users\s133023402\AppData\Roaming\Code\User\globalStorage\vexrobotics.vexcode\sdk\cpp\V5\V5_20240802_15_00_00/vexv5\libv5rt.a(v5_startup.c.obj)
                0x03803538                vexMain
 .text.__vex_function_prolog
                0x038035e8       0x18 c:\Users\s133023402\AppData\Roaming\Code\User\globalStorage\vexrobotics.vexcode\sdk\cpp\V5\V5_20240802_15_00_00/vexv5\libv5rt.a(v5_startup.c.obj)
                0x038035e8                __vex_function_prolog
 .text._init    0x03803600        0x4 c:\Users\s133023402\AppData\Roaming\Code\User\globalStorage\vexrobotics.vexcode\sdk\cpp\V5\V5_20240802_15_00_00/vexv5\libv5rt.a(v5_startup.c.obj)
                0x03803600                _init
 .text._fini    0x03803604        0x4 c:\Users\s133023402\AppData\Roaming\Code\User\globalStorage\vexrobotics.vexcode\sdk\cpp\V5\V5_20240802_15_00_00/vexv5\libv5rt.a(v5_startup.c.obj)
                0x03803604                _fini
 .text.vexStdlibVersionLinked
                0x03803608        0xc c:\Users\s133023402\AppData\Roaming\Code\User\globalStorage\vexrobotics.vexcode\sdk\cpp\V5\V5_20240802_15_00_00/vexv5\libv5rt.a(v5_util.c.obj)
                0x03803608                vexStdlibVersionLinked
 .text.vexStdlibVersionVerify
                0x03803614       0x30 c:\Users\s133023402\AppData\Roaming\Code\User\globalStorage\vexrobotics.vexcode\sdk\cpp\V5\V5_20240802_15_00_00/vexv5\libv5rt.a(v5_util.c.obj)
                0x03803614                vexStdlibVersionVerify
 .text.vexPrivateApiEnable
                0x03803644       0x10 c:\Users\s133023402\AppData\Roaming\Code\User\globalStorage\vexrobotics.vexcode\sdk\cpp\V5\V5_20240802_15_00_00/vexv5\libv5rt.a(v5_apijump.c.obj)
                0x03803644                vexPrivateApiEnable
 .text.vexStdlibMismatchError
                0x03803654       0x3c c:\Users\s133023402\AppData\Roaming\Code\User\globalStorage\vexrobotics.vexcode\sdk\cpp\V5\V5_20240802_15_00_00/vexv5\libv5rt.a(v5_apijump.c.obj)
                0x03803654                vexStdlibMismatchError
 .text.vexTaskAdd
                0x03803690       0x10 c:\Users\s133023402\AppData\Roaming\Code\User\globalStorage\vexrobotics.vexcode\sdk\cpp\V5\V5_20240802_15_00_00/vexv5\libv5rt.a(v5_apijump.c.obj)
                0x03803690                vexTaskAdd
 .text.vexTasksRun
                0x038036a0       0x10 c:\Users\s133023402\AppData\Roaming\Code\User\globalStorage\vexrobotics.vexcode\sdk\cpp\V5\V5_20240802_15_00_00/vexv5\libv5rt.a(v5_apijump.c.obj)
                0x038036a0                vexTasksRun
 .text.vexTaskYield
                0x038036b0       0x10 c:\Users\s133023402\AppData\Roaming\Code\User\globalStorage\vexrobotics.vexcode\sdk\cpp\V5\V5_20240802_15_00_00/vexv5\libv5rt.a(v5_apijump.c.obj)
                0x038036b0                vexTaskYield
 .text.vexTaskCheckTimeslice
                0x038036c0       0x10 c:\Users\s133023402\AppData\Roaming\Code\User\globalStorage\vexrobotics.vexcode\sdk\cpp\V5\V5_20240802_15_00_00/vexv5\libv5rt.a(v5_apijump.c.obj)
                0x038036c0                vexTaskCheckTimeslice
 .text.vexTaskSleep
                0x038036d0       0x10 c:\Users\s133023402\AppData\Roaming\Code\User\globalStorage\vexrobotics.vexcode\sdk\cpp\V5\V5_20240802_15_00_00/vexv5\libv5rt.a(v5_apijump.c.obj)
                0x038036d0                vexTaskSleep
 .text.vexTasksDump
                0x038036e0       0x1c c:\Users\s133023402\AppData\Roaming\Code\User\globalStorage\vexrobotics.vexcode\sdk\cpp\V5\V5_20240802_15_00_00/vexv5\libv5rt.a(v5_apijump.c.obj)
                0x038036e0                vexTasksDump
 .text.vexTaskGetTaskIndex
                0x038036fc       0x10 c:\Users\s133023402\AppData\Roaming\Code\User\globalStorage\vexrobotics.vexcode\sdk\cpp\V5\V5_20240802_15_00_00/vexv5\libv5rt.a(v5_apijump.c.obj)
                0x038036fc                vexTaskGetTaskIndex
 .text.vexTaskStopAll
                0x0380370c       0x10 c:\Users\s133023402\AppData\Roaming\Code\User\globalStorage\vexrobotics.vexcode\sdk\cpp\V5\V5_20240802_15_00_00/vexv5\libv5rt.a(v5_apijump.c.obj)
                0x0380370c                vexTaskStopAll
 .text.vexTaskRemoveAllUser
                0x0380371c       0x34 c:\Users\s133023402\AppData\Roaming\Code\User\globalStorage\vexrobotics.vexcode\sdk\cpp\V5\V5_20240802_15_00_00/vexv5\libv5rt.a(v5_apijump.c.obj)
                0x0380371c                vexTaskRemoveAllUser
 .text.vexTaskCompletionIdSet
                0x03803750       0x10 c:\Users\s133023402\AppData\Roaming\Code\User\globalStorage\vexrobotics.vexcode\sdk\cpp\V5\V5_20240802_15_00_00/vexv5\libv5rt.a(v5_apijump.c.obj)
                0x03803750                vexTaskCompletionIdSet
 .text.vexTaskStopWithId
                0x03803760       0x10 c:\Users\s133023402\AppData\Roaming\Code\User\globalStorage\vexrobotics.vexcode\sdk\cpp\V5\V5_20240802_15_00_00/vexv5\libv5rt.a(v5_apijump.c.obj)
                0x03803760                vexTaskStopWithId
 .text.vexTaskSuspendWithId
                0x03803770       0x10 c:\Users\s133023402\AppData\Roaming\Code\User\globalStorage\vexrobotics.vexcode\sdk\cpp\V5\V5_20240802_15_00_00/vexv5\libv5rt.a(v5_apijump.c.obj)
                0x03803770                vexTaskSuspendWithId
 .text.vexTaskResumeWithId
                0x03803780       0x10 c:\Users\s133023402\AppData\Roaming\Code\User\globalStorage\vexrobotics.vexcode\sdk\cpp\V5\V5_20240802_15_00_00/vexv5\libv5rt.a(v5_apijump.c.obj)
                0x03803780                vexTaskResumeWithId
 .text.vexCriticalSection
                0x03803790       0x2c c:\Users\s133023402\AppData\Roaming\Code\User\globalStorage\vexrobotics.vexcode\sdk\cpp\V5\V5_20240802_15_00_00/vexv5\libv5rt.a(v5_apijump.c.obj)
                0x03803790                vexCriticalSection
 .text.vexEventAdd
                0x038037bc       0x34 c:\Users\s133023402\AppData\Roaming\Code\User\globalStorage\vexrobotics.vexcode\sdk\cpp\V5\V5_20240802_15_00_00/vexv5\libv5rt.a(v5_apijump.c.obj)
                0x038037bc                vexEventAdd
 .text.vexEventUserIndexGet
                0x038037f0       0x1c c:\Users\s133023402\AppData\Roaming\Code\User\globalStorage\vexrobotics.vexcode\sdk\cpp\V5\V5_20240802_15_00_00/vexv5\libv5rt.a(v5_apijump.c.obj)
                0x038037f0                vexEventUserIndexGet
 .text.vexEventAddWithArg
                0x0380380c       0x3c c:\Users\s133023402\AppData\Roaming\Code\User\globalStorage\vexrobotics.vexcode\sdk\cpp\V5\V5_20240802_15_00_00/vexv5\libv5rt.a(v5_apijump.c.obj)
                0x0380380c                vexEventAddWithArg
 .text.vexEventsCleanup
                0x03803848       0x2c c:\Users\s133023402\AppData\Roaming\Code\User\globalStorage\vexrobotics.vexcode\sdk\cpp\V5\V5_20240802_15_00_00/vexv5\libv5rt.a(v5_apijump.c.obj)
                0x03803848                vexEventsCleanup
 .text.vexDebug
                0x03803874       0x38 c:\Users\s133023402\AppData\Roaming\Code\User\globalStorage\vexrobotics.vexcode\sdk\cpp\V5\V5_20240802_15_00_00/vexv5\libv5rt.a(v5_apijump.c.obj)
                0x03803874                vexDebug
 .text.vex_sprintf
                0x038038ac       0x40 c:\Users\s133023402\AppData\Roaming\Code\User\globalStorage\vexrobotics.vexcode\sdk\cpp\V5\V5_20240802_15_00_00/vexv5\libv5rt.a(v5_apijump.c.obj)
                0x038038ac                vex_sprintf
 .text.vex_vsnprintf
                0x038038ec       0x3c c:\Users\s133023402\AppData\Roaming\Code\User\globalStorage\vexrobotics.vexcode\sdk\cpp\V5\V5_20240802_15_00_00/vexv5\libv5rt.a(v5_apijump.c.obj)
                0x038038ec                vex_vsnprintf
 .text.vexSystemTimeGet
                0x03803928       0x1c c:\Users\s133023402\AppData\Roaming\Code\User\globalStorage\vexrobotics.vexcode\sdk\cpp\V5\V5_20240802_15_00_00/vexv5\libv5rt.a(v5_apijump.c.obj)
                0x03803928                vexSystemTimeGet
 .text.vexSystemExitRequest
                0x03803944       0x1c c:\Users\s133023402\AppData\Roaming\Code\User\globalStorage\vexrobotics.vexcode\sdk\cpp\V5\V5_20240802_15_00_00/vexv5\libv5rt.a(v5_apijump.c.obj)
                0x03803944                vexSystemExitRequest
 .text.vexDeviceGetByIndex
                0x03803960       0x24 c:\Users\s133023402\AppData\Roaming\Code\User\globalStorage\vexrobotics.vexcode\sdk\cpp\V5\V5_20240802_15_00_00/vexv5\libv5rt.a(v5_apijump.c.obj)
                0x03803960                vexDeviceGetByIndex
 .text.vexControllerGet
                0x03803984       0x2c c:\Users\s133023402\AppData\Roaming\Code\User\globalStorage\vexrobotics.vexcode\sdk\cpp\V5\V5_20240802_15_00_00/vexv5\libv5rt.a(v5_apijump.c.obj)
                0x03803984                vexControllerGet
 .text.vexControllerTextSet
                0x038039b0       0x74 c:\Users\s133023402\AppData\Roaming\Code\User\globalStorage\vexrobotics.vexcode\sdk\cpp\V5\V5_20240802_15_00_00/vexv5\libv5rt.a(v5_apijump.c.obj)
                0x038039b0                vexControllerTextSet
 .text.vexDeviceAdiPortConfigSet
                0x03803a24       0x34 c:\Users\s133023402\AppData\Roaming\Code\User\globalStorage\vexrobotics.vexcode\sdk\cpp\V5\V5_20240802_15_00_00/vexv5\libv5rt.a(v5_apijump.c.obj)
                0x03803a24                vexDeviceAdiPortConfigSet
 .text.vexDeviceAdiPortConfigGet
                0x03803a58       0x2c c:\Users\s133023402\AppData\Roaming\Code\User\globalStorage\vexrobotics.vexcode\sdk\cpp\V5\V5_20240802_15_00_00/vexv5\libv5rt.a(v5_apijump.c.obj)
                0x03803a58                vexDeviceAdiPortConfigGet
 .text.vexDeviceAdiValueSet
                0x03803a84       0x34 c:\Users\s133023402\AppData\Roaming\Code\User\globalStorage\vexrobotics.vexcode\sdk\cpp\V5\V5_20240802_15_00_00/vexv5\libv5rt.a(v5_apijump.c.obj)
                0x03803a84                vexDeviceAdiValueSet
 .text.vexDeviceMotorVelocitySet
                0x03803ab8       0x2c c:\Users\s133023402\AppData\Roaming\Code\User\globalStorage\vexrobotics.vexcode\sdk\cpp\V5\V5_20240802_15_00_00/vexv5\libv5rt.a(v5_apijump.c.obj)
                0x03803ab8                vexDeviceMotorVelocitySet
 .text.vexDeviceMotorVelocityGet
                0x03803ae4       0x24 c:\Users\s133023402\AppData\Roaming\Code\User\globalStorage\vexrobotics.vexcode\sdk\cpp\V5\V5_20240802_15_00_00/vexv5\libv5rt.a(v5_apijump.c.obj)
                0x03803ae4                vexDeviceMotorVelocityGet
 .text.vexDeviceMotorActualVelocityGet
                0x03803b08       0x24 c:\Users\s133023402\AppData\Roaming\Code\User\globalStorage\vexrobotics.vexcode\sdk\cpp\V5\V5_20240802_15_00_00/vexv5\libv5rt.a(v5_apijump.c.obj)
                0x03803b08                vexDeviceMotorActualVelocityGet
 .text.vexDeviceMotorModeGet
                0x03803b2c       0x24 c:\Users\s133023402\AppData\Roaming\Code\User\globalStorage\vexrobotics.vexcode\sdk\cpp\V5\V5_20240802_15_00_00/vexv5\libv5rt.a(v5_apijump.c.obj)
                0x03803b2c                vexDeviceMotorModeGet
 .text.vexDeviceMotorCurrentLimitSet
                0x03803b50       0x2c c:\Users\s133023402\AppData\Roaming\Code\User\globalStorage\vexrobotics.vexcode\sdk\cpp\V5\V5_20240802_15_00_00/vexv5\libv5rt.a(v5_apijump.c.obj)
                0x03803b50                vexDeviceMotorCurrentLimitSet
 .text.vexDeviceMotorZeroPositionFlagGet
                0x03803b7c       0x24 c:\Users\s133023402\AppData\Roaming\Code\User\globalStorage\vexrobotics.vexcode\sdk\cpp\V5\V5_20240802_15_00_00/vexv5\libv5rt.a(v5_apijump.c.obj)
                0x03803b7c                vexDeviceMotorZeroPositionFlagGet
 .text.vexDeviceMotorReverseFlagSet
                0x03803ba0       0x2c c:\Users\s133023402\AppData\Roaming\Code\User\globalStorage\vexrobotics.vexcode\sdk\cpp\V5\V5_20240802_15_00_00/vexv5\libv5rt.a(v5_apijump.c.obj)
                0x03803ba0                vexDeviceMotorReverseFlagSet
 .text.vexDeviceMotorEncoderUnitsSet
                0x03803bcc       0x2c c:\Users\s133023402\AppData\Roaming\Code\User\globalStorage\vexrobotics.vexcode\sdk\cpp\V5\V5_20240802_15_00_00/vexv5\libv5rt.a(v5_apijump.c.obj)
                0x03803bcc                vexDeviceMotorEncoderUnitsSet
 .text.vexDeviceMotorBrakeModeSet
                0x03803bf8       0x2c c:\Users\s133023402\AppData\Roaming\Code\User\globalStorage\vexrobotics.vexcode\sdk\cpp\V5\V5_20240802_15_00_00/vexv5\libv5rt.a(v5_apijump.c.obj)
                0x03803bf8                vexDeviceMotorBrakeModeSet
 .text.vexDeviceMotorPositionSet
                0x03803c24       0x34 c:\Users\s133023402\AppData\Roaming\Code\User\globalStorage\vexrobotics.vexcode\sdk\cpp\V5\V5_20240802_15_00_00/vexv5\libv5rt.a(v5_apijump.c.obj)
                0x03803c24                vexDeviceMotorPositionSet
 .text.vexDeviceMotorRelativeTargetSet
                0x03803c58       0x3c c:\Users\s133023402\AppData\Roaming\Code\User\globalStorage\vexrobotics.vexcode\sdk\cpp\V5\V5_20240802_15_00_00/vexv5\libv5rt.a(v5_apijump.c.obj)
                0x03803c58                vexDeviceMotorRelativeTargetSet
 .text.vexDeviceMotorGearingSet
                0x03803c94       0x2c c:\Users\s133023402\AppData\Roaming\Code\User\globalStorage\vexrobotics.vexcode\sdk\cpp\V5\V5_20240802_15_00_00/vexv5\libv5rt.a(v5_apijump.c.obj)
                0x03803c94                vexDeviceMotorGearingSet
 .text.vexDeviceMotorGearingGet
                0x03803cc0       0x24 c:\Users\s133023402\AppData\Roaming\Code\User\globalStorage\vexrobotics.vexcode\sdk\cpp\V5\V5_20240802_15_00_00/vexv5\libv5rt.a(v5_apijump.c.obj)
                0x03803cc0                vexDeviceMotorGearingGet
 .text.vexDeviceImuReset
                0x03803ce4       0x24 c:\Users\s133023402\AppData\Roaming\Code\User\globalStorage\vexrobotics.vexcode\sdk\cpp\V5\V5_20240802_15_00_00/vexv5\libv5rt.a(v5_apijump.c.obj)
                0x03803ce4                vexDeviceImuReset
 .text.vexDeviceImuHeadingGet
                0x03803d08       0x24 c:\Users\s133023402\AppData\Roaming\Code\User\globalStorage\vexrobotics.vexcode\sdk\cpp\V5\V5_20240802_15_00_00/vexv5\libv5rt.a(v5_apijump.c.obj)
                0x03803d08                vexDeviceImuHeadingGet
 .text.vexDeviceImuDegreesGet
                0x03803d2c       0x24 c:\Users\s133023402\AppData\Roaming\Code\User\globalStorage\vexrobotics.vexcode\sdk\cpp\V5\V5_20240802_15_00_00/vexv5\libv5rt.a(v5_apijump.c.obj)
                0x03803d2c                vexDeviceImuDegreesGet
 .text.vexDeviceImuStatusGet
                0x03803d50       0x24 c:\Users\s133023402\AppData\Roaming\Code\User\globalStorage\vexrobotics.vexcode\sdk\cpp\V5\V5_20240802_15_00_00/vexv5\libv5rt.a(v5_apijump.c.obj)
                0x03803d50                vexDeviceImuStatusGet
 .text.vexDeviceAbsEncPositionSet
                0x03803d74       0x2c c:\Users\s133023402\AppData\Roaming\Code\User\globalStorage\vexrobotics.vexcode\sdk\cpp\V5\V5_20240802_15_00_00/vexv5\libv5rt.a(v5_apijump.c.obj)
                0x03803d74                vexDeviceAbsEncPositionSet
 .text.vexDeviceAbsEncPositionGet
                0x03803da0       0x24 c:\Users\s133023402\AppData\Roaming\Code\User\globalStorage\vexrobotics.vexcode\sdk\cpp\V5\V5_20240802_15_00_00/vexv5\libv5rt.a(v5_apijump.c.obj)
                0x03803da0                vexDeviceAbsEncPositionGet
 .text.vexDeviceAbsEncAngleGet
                0x03803dc4       0x24 c:\Users\s133023402\AppData\Roaming\Code\User\globalStorage\vexrobotics.vexcode\sdk\cpp\V5\V5_20240802_15_00_00/vexv5\libv5rt.a(v5_apijump.c.obj)
                0x03803dc4                vexDeviceAbsEncAngleGet
 .text.vexDeviceAbsEncReverseFlagSet
                0x03803de8       0x2c c:\Users\s133023402\AppData\Roaming\Code\User\globalStorage\vexrobotics.vexcode\sdk\cpp\V5\V5_20240802_15_00_00/vexv5\libv5rt.a(v5_apijump.c.obj)
                0x03803de8                vexDeviceAbsEncReverseFlagSet
 .text.vexDeviceOpticalHueGet
                0x03803e14       0x24 c:\Users\s133023402\AppData\Roaming\Code\User\globalStorage\vexrobotics.vexcode\sdk\cpp\V5\V5_20240802_15_00_00/vexv5\libv5rt.a(v5_apijump.c.obj)
                0x03803e14                vexDeviceOpticalHueGet
 .text.vexDeviceOpticalLedPwmSet
                0x03803e38       0x2c c:\Users\s133023402\AppData\Roaming\Code\User\globalStorage\vexrobotics.vexcode\sdk\cpp\V5\V5_20240802_15_00_00/vexv5\libv5rt.a(v5_apijump.c.obj)
                0x03803e38                vexDeviceOpticalLedPwmSet
 .text.vexDeviceOpticalGestureEnable
                0x03803e64       0x24 c:\Users\s133023402\AppData\Roaming\Code\User\globalStorage\vexrobotics.vexcode\sdk\cpp\V5\V5_20240802_15_00_00/vexv5\libv5rt.a(v5_apijump.c.obj)
                0x03803e64                vexDeviceOpticalGestureEnable
 .text.vexDeviceOpticalGestureDisable
                0x03803e88       0x24 c:\Users\s133023402\AppData\Roaming\Code\User\globalStorage\vexrobotics.vexcode\sdk\cpp\V5\V5_20240802_15_00_00/vexv5\libv5rt.a(v5_apijump.c.obj)
                0x03803e88                vexDeviceOpticalGestureDisable
 .text.vexDeviceOpticalProximityThreshold
                0x03803eac       0x2c c:\Users\s133023402\AppData\Roaming\Code\User\globalStorage\vexrobotics.vexcode\sdk\cpp\V5\V5_20240802_15_00_00/vexv5\libv5rt.a(v5_apijump.c.obj)
                0x03803eac                vexDeviceOpticalProximityThreshold
 .text.vexDisplayForegroundColor
                0x03803ed8       0x24 c:\Users\s133023402\AppData\Roaming\Code\User\globalStorage\vexrobotics.vexcode\sdk\cpp\V5\V5_20240802_15_00_00/vexv5\libv5rt.a(v5_apijump.c.obj)
                0x03803ed8                vexDisplayForegroundColor
 .text.vexDisplayBackgroundColor
                0x03803efc       0x24 c:\Users\s133023402\AppData\Roaming\Code\User\globalStorage\vexrobotics.vexcode\sdk\cpp\V5\V5_20240802_15_00_00/vexv5\libv5rt.a(v5_apijump.c.obj)
                0x03803efc                vexDisplayBackgroundColor
 .text.vexDisplayBackgroundColorGet
                0x03803f20       0x1c c:\Users\s133023402\AppData\Roaming\Code\User\globalStorage\vexrobotics.vexcode\sdk\cpp\V5\V5_20240802_15_00_00/vexv5\libv5rt.a(v5_apijump.c.obj)
                0x03803f20                vexDisplayBackgroundColorGet
 .text.vexDisplayPixelSet
                0x03803f3c       0x38 c:\Users\s133023402\AppData\Roaming\Code\User\globalStorage\vexrobotics.vexcode\sdk\cpp\V5\V5_20240802_15_00_00/vexv5\libv5rt.a(v5_apijump.c.obj)
                0x03803f3c                vexDisplayPixelSet
 .text.vexDisplayLineDraw
                0x03803f74       0x4c c:\Users\s133023402\AppData\Roaming\Code\User\globalStorage\vexrobotics.vexcode\sdk\cpp\V5\V5_20240802_15_00_00/vexv5\libv5rt.a(v5_apijump.c.obj)
                0x03803f74                vexDisplayLineDraw
 .text.vexDisplayRectDraw
                0x03803fc0       0x4c c:\Users\s133023402\AppData\Roaming\Code\User\globalStorage\vexrobotics.vexcode\sdk\cpp\V5\V5_20240802_15_00_00/vexv5\libv5rt.a(v5_apijump.c.obj)
                0x03803fc0                vexDisplayRectDraw
 .text.vexDisplayRectClear
                0x0380400c       0x4c c:\Users\s133023402\AppData\Roaming\Code\User\globalStorage\vexrobotics.vexcode\sdk\cpp\V5\V5_20240802_15_00_00/vexv5\libv5rt.a(v5_apijump.c.obj)
                0x0380400c                vexDisplayRectClear
 .text.vexDisplayCircleDraw
                0x03804058       0x40 c:\Users\s133023402\AppData\Roaming\Code\User\globalStorage\vexrobotics.vexcode\sdk\cpp\V5\V5_20240802_15_00_00/vexv5\libv5rt.a(v5_apijump.c.obj)
                0x03804058                vexDisplayCircleDraw
 .text.vexDisplayCircleClear
                0x03804098       0x40 c:\Users\s133023402\AppData\Roaming\Code\User\globalStorage\vexrobotics.vexcode\sdk\cpp\V5\V5_20240802_15_00_00/vexv5\libv5rt.a(v5_apijump.c.obj)
                0x03804098                vexDisplayCircleClear
 .text.vexDisplayVPrintf
                0x038040d8       0x50 c:\Users\s133023402\AppData\Roaming\Code\User\globalStorage\vexrobotics.vexcode\sdk\cpp\V5\V5_20240802_15_00_00/vexv5\libv5rt.a(v5_apijump.c.obj)
                0x038040d8                vexDisplayVPrintf
 .text.vexDisplayTextReference
                0x03804128       0x24 c:\Users\s133023402\AppData\Roaming\Code\User\globalStorage\vexrobotics.vexcode\sdk\cpp\V5\V5_20240802_15_00_00/vexv5\libv5rt.a(v5_apijump.c.obj)
                0x03804128                vexDisplayTextReference
 .text.vexDisplayTextSize
                0x0380414c       0x2c c:\Users\s133023402\AppData\Roaming\Code\User\globalStorage\vexrobotics.vexcode\sdk\cpp\V5\V5_20240802_15_00_00/vexv5\libv5rt.a(v5_apijump.c.obj)
                0x0380414c                vexDisplayTextSize
 .text.vexDisplayFontNamedSet
                0x03804178       0x24 c:\Users\s133023402\AppData\Roaming\Code\User\globalStorage\vexrobotics.vexcode\sdk\cpp\V5\V5_20240802_15_00_00/vexv5\libv5rt.a(v5_apijump.c.obj)
                0x03804178                vexDisplayFontNamedSet
 .text.vexDisplayPenSizeGet
                0x0380419c       0x1c c:\Users\s133023402\AppData\Roaming\Code\User\globalStorage\vexrobotics.vexcode\sdk\cpp\V5\V5_20240802_15_00_00/vexv5\libv5rt.a(v5_apijump.c.obj)
                0x0380419c                vexDisplayPenSizeGet
 .text.vexSystemStdlibImpureDataAddr
                0x038041b8       0x28 c:\Users\s133023402\AppData\Roaming\Code\User\globalStorage\vexrobotics.vexcode\sdk\cpp\V5\V5_20240802_15_00_00/vexv5\libv5rt.a(v5_apijump.c.obj)
                0x038041b8                vexSystemStdlibImpureDataAddr
 .text.vexSystemStdlibImpureDataSize
                0x038041e0       0x28 c:\Users\s133023402\AppData\Roaming\Code\User\globalStorage\vexrobotics.vexcode\sdk\cpp\V5\V5_20240802_15_00_00/vexv5\libv5rt.a(v5_apijump.c.obj)
                0x038041e0                vexSystemStdlibImpureDataSize
 .text.vexSystemSaveUserData
                0x03804208       0x3c c:\Users\s133023402\AppData\Roaming\Code\User\globalStorage\vexrobotics.vexcode\sdk\cpp\V5\V5_20240802_15_00_00/vexv5\libv5rt.a(v5_apijump.c.obj)
                0x03804208                vexSystemSaveUserData
 .text.vexTouchDataGet
                0x03804244       0x10 c:\Users\s133023402\AppData\Roaming\Code\User\globalStorage\vexrobotics.vexcode\sdk\cpp\V5\V5_20240802_15_00_00/vexv5\libv5rt.a(v5_apijump.c.obj)
                0x03804244                vexTouchDataGet
 .text.vexDisplayThemeIdGet
                0x03804254       0x38 c:\Users\s133023402\AppData\Roaming\Code\User\globalStorage\vexrobotics.vexcode\sdk\cpp\V5\V5_20240802_15_00_00/vexv5\libv5rt.a(v5_apijump.c.obj)
                0x03804254                vexDisplayThemeIdGet
 .text.vexDeviceEventMaskSet
                0x0380428c       0x48 c:\Users\s133023402\AppData\Roaming\Code\User\globalStorage\vexrobotics.vexcode\sdk\cpp\V5\V5_20240802_15_00_00/vexv5\libv5rt.a(v5_apijump.c.obj)
                0x0380428c                vexDeviceEventMaskSet
 .text.vexDeviceEventMaskGet
                0x038042d4       0x3c c:\Users\s133023402\AppData\Roaming\Code\User\globalStorage\vexrobotics.vexcode\sdk\cpp\V5\V5_20240802_15_00_00/vexv5\libv5rt.a(v5_apijump.c.obj)
                0x038042d4                vexDeviceEventMaskGet
 .text.vexSystemVersion
                0x03804310       0x10 c:\Users\s133023402\AppData\Roaming\Code\User\globalStorage\vexrobotics.vexcode\sdk\cpp\V5\V5_20240802_15_00_00/vexv5\libv5rt.a(v5_apiversions.c.obj)
                0x03804310                vexSystemVersion
 .text.vexStdlibVersion
                0x03804320       0x10 c:\Users\s133023402\AppData\Roaming\Code\User\globalStorage\vexrobotics.vexcode\sdk\cpp\V5\V5_20240802_15_00_00/vexv5\libv5rt.a(v5_apiversions.c.obj)
                0x03804320                vexStdlibVersion
 .text._ZN3vex4waitEdNS_9timeUnitsE
                0x03804330       0x30 c:\Users\s133023402\AppData\Roaming\Code\User\globalStorage\vexrobotics.vexcode\sdk\cpp\V5\V5_20240802_15_00_00/vexv5\libv5rt.a(vex_global.cpp.obj)
                0x03804330                vex::wait(double, vex::timeUnits)
 .text._ZN3vex5motorD2Ev
                0x03804360       0x20 c:\Users\s133023402\AppData\Roaming\Code\User\globalStorage\vexrobotics.vexcode\sdk\cpp\V5\V5_20240802_15_00_00/vexv5\libv5rt.a(vex_motor.cpp.obj)
                0x03804360                vex::motor::~motor()
                0x03804360                vex::motor::~motor()
 .text._ZN3vex5motorD0Ev
                0x03804380       0x1c c:\Users\s133023402\AppData\Roaming\Code\User\globalStorage\vexrobotics.vexcode\sdk\cpp\V5\V5_20240802_15_00_00/vexv5\libv5rt.a(vex_motor.cpp.obj)
                0x03804380                vex::motor::~motor()
 .text._ZN3vex5motor9installedEv
                0x0380439c       0x18 c:\Users\s133023402\AppData\Roaming\Code\User\globalStorage\vexrobotics.vexcode\sdk\cpp\V5\V5_20240802_15_00_00/vexv5\libv5rt.a(vex_motor.cpp.obj)
                0x0380439c                vex::motor::installed()
 .text._ZN3vex5motor15defaultStoppingENS_9brakeTypeE
                0x038043b4       0x30 c:\Users\s133023402\AppData\Roaming\Code\User\globalStorage\vexrobotics.vexcode\sdk\cpp\V5\V5_20240802_15_00_00/vexv5\libv5rt.a(vex_motor.cpp.obj)
                0x038043b4                vex::motor::defaultStopping(vex::brakeType)
 .text._ZN3vex5motor11setStoppingENS_9brakeTypeE
                0x038043e4        0x4 c:\Users\s133023402\AppData\Roaming\Code\User\globalStorage\vexrobotics.vexcode\sdk\cpp\V5\V5_20240802_15_00_00/vexv5\libv5rt.a(vex_motor.cpp.obj)
                0x038043e4                vex::motor::setStopping(vex::brakeType)
 .text._ZN3vex5motorC2El
                0x038043e8       0x78 c:\Users\s133023402\AppData\Roaming\Code\User\globalStorage\vexrobotics.vexcode\sdk\cpp\V5\V5_20240802_15_00_00/vexv5\libv5rt.a(vex_motor.cpp.obj)
                0x038043e8                vex::motor::motor(long)
                0x038043e8                vex::motor::motor(long)
 .text._ZN3vex5motorC2ElNS_11gearSettingEb
                0x03804460       0x34 c:\Users\s133023402\AppData\Roaming\Code\User\globalStorage\vexrobotics.vexcode\sdk\cpp\V5\V5_20240802_15_00_00/vexv5\libv5rt.a(vex_motor.cpp.obj)
                0x03804460                vex::motor::motor(long, vex::gearSetting, bool)
                0x03804460                vex::motor::motor(long, vex::gearSetting, bool)
 .text._ZN3vex5motor14isSpinningModeEv
                0x03804494       0x48 c:\Users\s133023402\AppData\Roaming\Code\User\globalStorage\vexrobotics.vexcode\sdk\cpp\V5\V5_20240802_15_00_00/vexv5\libv5rt.a(vex_motor.cpp.obj)
                0x03804494                vex::motor::isSpinningMode()
 .text._ZN3vex5motor10isSpinningEv
                0x038044dc       0x44 c:\Users\s133023402\AppData\Roaming\Code\User\globalStorage\vexrobotics.vexcode\sdk\cpp\V5\V5_20240802_15_00_00/vexv5\libv5rt.a(vex_motor.cpp.obj)
                0x038044dc                vex::motor::isSpinning()
 .text._ZN3vex5motor4stopENS_9brakeTypeE
                0x03804520       0x30 c:\Users\s133023402\AppData\Roaming\Code\User\globalStorage\vexrobotics.vexcode\sdk\cpp\V5\V5_20240802_15_00_00/vexv5\libv5rt.a(vex_motor.cpp.obj)
                0x03804520                vex::motor::stop(vex::brakeType)
 .text._ZN3vex5motor4stopEv
                0x03804550        0x8 c:\Users\s133023402\AppData\Roaming\Code\User\globalStorage\vexrobotics.vexcode\sdk\cpp\V5\V5_20240802_15_00_00/vexv5\libv5rt.a(vex_motor.cpp.obj)
                0x03804550                vex::motor::stop()
 .text._ZN3vex5motor12setMaxTorqueEdNS_12percentUnitsE
                0x03804558       0x88 c:\Users\s133023402\AppData\Roaming\Code\User\globalStorage\vexrobotics.vexcode\sdk\cpp\V5\V5_20240802_15_00_00/vexv5\libv5rt.a(vex_motor.cpp.obj)
                0x03804558                vex::motor::setMaxTorque(double, vex::percentUnits)
 .text._ZN3vex5motor16velocityToScaledEdNS_13velocityUnitsE
                0x038045e0       0x5c c:\Users\s133023402\AppData\Roaming\Code\User\globalStorage\vexrobotics.vexcode\sdk\cpp\V5\V5_20240802_15_00_00/vexv5\libv5rt.a(vex_motor.cpp.obj)
                0x038045e0                vex::motor::velocityToScaled(double, vex::velocityUnits)
 .text._ZN3vex5motor8velocityENS_13velocityUnitsE
                0x0380463c       0x30 c:\Users\s133023402\AppData\Roaming\Code\User\globalStorage\vexrobotics.vexcode\sdk\cpp\V5\V5_20240802_15_00_00/vexv5\libv5rt.a(vex_motor.cpp.obj)
                0x0380463c                vex::motor::velocity(vex::velocityUnits)
 .text._ZN3vex5motor5valueEv
                0x0380466c       0x1c c:\Users\s133023402\AppData\Roaming\Code\User\globalStorage\vexrobotics.vexcode\sdk\cpp\V5\V5_20240802_15_00_00/vexv5\libv5rt.a(vex_motor.cpp.obj)
                0x0380466c                vex::motor::value()
 .text._ZN3vex5motor16scaledToVelocityEdNS_13velocityUnitsE
                0x03804688       0xa4 c:\Users\s133023402\AppData\Roaming\Code\User\globalStorage\vexrobotics.vexcode\sdk\cpp\V5\V5_20240802_15_00_00/vexv5\libv5rt.a(vex_motor.cpp.obj)
                0x03804688                vex::motor::scaledToVelocity(double, vex::velocityUnits)
 .text._ZN3vex5motor4spinENS_13directionTypeEdNS_13velocityUnitsE
                0x0380472c       0x5c c:\Users\s133023402\AppData\Roaming\Code\User\globalStorage\vexrobotics.vexcode\sdk\cpp\V5\V5_20240802_15_00_00/vexv5\libv5rt.a(vex_motor.cpp.obj)
                0x0380472c                vex::motor::spin(vex::directionType, double, vex::velocityUnits)
 .text._ZN3vex5motor4spinENS_13directionTypeE
                0x03804788       0x28 c:\Users\s133023402\AppData\Roaming\Code\User\globalStorage\vexrobotics.vexcode\sdk\cpp\V5\V5_20240802_15_00_00/vexv5\libv5rt.a(vex_motor.cpp.obj)
                0x03804788                vex::motor::spin(vex::directionType)
 .text._ZN3vex5motor11setVelocityEdNS_13velocityUnitsE
                0x038047b0       0x54 c:\Users\s133023402\AppData\Roaming\Code\User\globalStorage\vexrobotics.vexcode\sdk\cpp\V5\V5_20240802_15_00_00/vexv5\libv5rt.a(vex_motor.cpp.obj)
                0x038047b0                vex::motor::setVelocity(double, vex::velocityUnits)
 .text._ZN3vex5motor16setRotationUnitsENS_13rotationUnitsE
                0x03804804       0x1c c:\Users\s133023402\AppData\Roaming\Code\User\globalStorage\vexrobotics.vexcode\sdk\cpp\V5\V5_20240802_15_00_00/vexv5\libv5rt.a(vex_motor.cpp.obj)
                0x03804804                vex::motor::setRotationUnits(vex::rotationUnits)
 .text._ZN3vex5motor11setPositionEdNS_13rotationUnitsE
                0x03804820       0x44 c:\Users\s133023402\AppData\Roaming\Code\User\globalStorage\vexrobotics.vexcode\sdk\cpp\V5\V5_20240802_15_00_00/vexv5\libv5rt.a(vex_motor.cpp.obj)
                0x03804820                vex::motor::setPosition(double, vex::rotationUnits)
 .text._ZN3vex5motor7spinForEdNS_13rotationUnitsEdNS_13velocityUnitsEb
                0x03804864       0xf4 c:\Users\s133023402\AppData\Roaming\Code\User\globalStorage\vexrobotics.vexcode\sdk\cpp\V5\V5_20240802_15_00_00/vexv5\libv5rt.a(vex_motor.cpp.obj)
                0x03804864                vex::motor::spinFor(double, vex::rotationUnits, double, vex::velocityUnits, bool)
 .text._ZN3vex5motor7spinForENS_13directionTypeEdNS_13rotationUnitsEdNS_13velocityUnitsEb
                0x03804958       0x34 c:\Users\s133023402\AppData\Roaming\Code\User\globalStorage\vexrobotics.vexcode\sdk\cpp\V5\V5_20240802_15_00_00/vexv5\libv5rt.a(vex_motor.cpp.obj)
                0x03804958                vex::motor::spinFor(vex::directionType, double, vex::rotationUnits, double, vex::velocityUnits, bool)
 .text._ZN3vex5motor7spinForENS_13directionTypeEdNS_13rotationUnitsEb
                0x0380498c       0x3c c:\Users\s133023402\AppData\Roaming\Code\User\globalStorage\vexrobotics.vexcode\sdk\cpp\V5\V5_20240802_15_00_00/vexv5\libv5rt.a(vex_motor.cpp.obj)
                0x0380498c                vex::motor::spinFor(vex::directionType, double, vex::rotationUnits, bool)
 .text._ZN3vex8inertial11getTurnTypeEv
                0x038049c8        0x8 c:\Users\s133023402\AppData\Roaming\Code\User\globalStorage\vexrobotics.vexcode\sdk\cpp\V5\V5_20240802_15_00_00/vexv5\libv5rt.a(vex_imu.cpp.obj)
                0x038049c8                vex::inertial::getTurnType()
 .text._ZThn16_N3vex8inertial11getTurnTypeEv
                0x038049d0        0x8 c:\Users\s133023402\AppData\Roaming\Code\User\globalStorage\vexrobotics.vexcode\sdk\cpp\V5\V5_20240802_15_00_00/vexv5\libv5rt.a(vex_imu.cpp.obj)
                0x038049d0                non-virtual thunk to vex::inertial::getTurnType()
 .text._ZN3vex8inertial10setHeadingEdNS_13rotationUnitsE
                0x038049d8       0x58 c:\Users\s133023402\AppData\Roaming\Code\User\globalStorage\vexrobotics.vexcode\sdk\cpp\V5\V5_20240802_15_00_00/vexv5\libv5rt.a(vex_imu.cpp.obj)
                0x038049d8                vex::inertial::setHeading(double, vex::rotationUnits)
 .text._ZThn16_N3vex8inertial10setHeadingEdNS_13rotationUnitsE
                0x03804a30        0x8 c:\Users\s133023402\AppData\Roaming\Code\User\globalStorage\vexrobotics.vexcode\sdk\cpp\V5\V5_20240802_15_00_00/vexv5\libv5rt.a(vex_imu.cpp.obj)
                0x03804a30                non-virtual thunk to vex::inertial::setHeading(double, vex::rotationUnits)
 .text._ZN3vex8inertial11setRotationEdNS_13rotationUnitsE
                0x03804a38       0x58 c:\Users\s133023402\AppData\Roaming\Code\User\globalStorage\vexrobotics.vexcode\sdk\cpp\V5\V5_20240802_15_00_00/vexv5\libv5rt.a(vex_imu.cpp.obj)
                0x03804a38                vex::inertial::setRotation(double, vex::rotationUnits)
 .text._ZThn16_N3vex8inertial11setRotationEdNS_13rotationUnitsE
                0x03804a90        0x8 c:\Users\s133023402\AppData\Roaming\Code\User\globalStorage\vexrobotics.vexcode\sdk\cpp\V5\V5_20240802_15_00_00/vexv5\libv5rt.a(vex_imu.cpp.obj)
                0x03804a90                non-virtual thunk to vex::inertial::setRotation(double, vex::rotationUnits)
 .text._ZN3vex8inertialD2Ev
                0x03804a98       0x20 c:\Users\s133023402\AppData\Roaming\Code\User\globalStorage\vexrobotics.vexcode\sdk\cpp\V5\V5_20240802_15_00_00/vexv5\libv5rt.a(vex_imu.cpp.obj)
                0x03804a98                vex::inertial::~inertial()
                0x03804a98                vex::inertial::~inertial()
 .text._ZThn16_N3vex8inertialD1Ev
                0x03804ab8        0x8 c:\Users\s133023402\AppData\Roaming\Code\User\globalStorage\vexrobotics.vexcode\sdk\cpp\V5\V5_20240802_15_00_00/vexv5\libv5rt.a(vex_imu.cpp.obj)
                0x03804ab8                non-virtual thunk to vex::inertial::~inertial()
 .text._ZN3vex8inertialD0Ev
                0x03804ac0       0x1c c:\Users\s133023402\AppData\Roaming\Code\User\globalStorage\vexrobotics.vexcode\sdk\cpp\V5\V5_20240802_15_00_00/vexv5\libv5rt.a(vex_imu.cpp.obj)
                0x03804ac0                vex::inertial::~inertial()
 .text._ZThn16_N3vex8inertialD0Ev
                0x03804adc        0x8 c:\Users\s133023402\AppData\Roaming\Code\User\globalStorage\vexrobotics.vexcode\sdk\cpp\V5\V5_20240802_15_00_00/vexv5\libv5rt.a(vex_imu.cpp.obj)
                0x03804adc                non-virtual thunk to vex::inertial::~inertial()
 .text._ZN3vex8inertial9installedEv
                0x03804ae4       0x18 c:\Users\s133023402\AppData\Roaming\Code\User\globalStorage\vexrobotics.vexcode\sdk\cpp\V5\V5_20240802_15_00_00/vexv5\libv5rt.a(vex_imu.cpp.obj)
                0x03804ae4                vex::inertial::installed()
 .text._ZN3vex8inertial5angleENS_13rotationUnitsE
                0x03804afc       0x6c c:\Users\s133023402\AppData\Roaming\Code\User\globalStorage\vexrobotics.vexcode\sdk\cpp\V5\V5_20240802_15_00_00/vexv5\libv5rt.a(vex_imu.cpp.obj)
                0x03804afc                vex::inertial::angle(vex::rotationUnits)
 .text._ZThn16_N3vex8inertial5angleENS_13rotationUnitsE
                0x03804b68        0x8 c:\Users\s133023402\AppData\Roaming\Code\User\globalStorage\vexrobotics.vexcode\sdk\cpp\V5\V5_20240802_15_00_00/vexv5\libv5rt.a(vex_imu.cpp.obj)
                0x03804b68                non-virtual thunk to vex::inertial::angle(vex::rotationUnits)
 .text._ZN3vex8inertial7headingENS_13rotationUnitsE
                0x03804b70        0x4 c:\Users\s133023402\AppData\Roaming\Code\User\globalStorage\vexrobotics.vexcode\sdk\cpp\V5\V5_20240802_15_00_00/vexv5\libv5rt.a(vex_imu.cpp.obj)
                0x03804b70                vex::inertial::heading(vex::rotationUnits)
 .text._ZThn16_N3vex8inertial7headingENS_13rotationUnitsE
                0x03804b74        0x8 c:\Users\s133023402\AppData\Roaming\Code\User\globalStorage\vexrobotics.vexcode\sdk\cpp\V5\V5_20240802_15_00_00/vexv5\libv5rt.a(vex_imu.cpp.obj)
                0x03804b74                non-virtual thunk to vex::inertial::heading(vex::rotationUnits)
 .text._ZN3vex8inertial5valueEv
                0x03804b7c       0x1c c:\Users\s133023402\AppData\Roaming\Code\User\globalStorage\vexrobotics.vexcode\sdk\cpp\V5\V5_20240802_15_00_00/vexv5\libv5rt.a(vex_imu.cpp.obj)
                0x03804b7c                vex::inertial::value()
 .text._ZN3vex8inertial8rotationENS_13rotationUnitsE
                0x03804b98       0x48 c:\Users\s133023402\AppData\Roaming\Code\User\globalStorage\vexrobotics.vexcode\sdk\cpp\V5\V5_20240802_15_00_00/vexv5\libv5rt.a(vex_imu.cpp.obj)
                0x03804b98                vex::inertial::rotation(vex::rotationUnits)
 .text._ZThn16_N3vex8inertial8rotationENS_13rotationUnitsE
                0x03804be0        0x8 c:\Users\s133023402\AppData\Roaming\Code\User\globalStorage\vexrobotics.vexcode\sdk\cpp\V5\V5_20240802_15_00_00/vexv5\libv5rt.a(vex_imu.cpp.obj)
                0x03804be0                non-virtual thunk to vex::inertial::rotation(vex::rotationUnits)
 .text._ZN3vex8inertial13isCalibratingEv
                0x03804be8       0x38 c:\Users\s133023402\AppData\Roaming\Code\User\globalStorage\vexrobotics.vexcode\sdk\cpp\V5\V5_20240802_15_00_00/vexv5\libv5rt.a(vex_imu.cpp.obj)
                0x03804be8                vex::inertial::isCalibrating()
 .text._ZThn16_N3vex8inertial13isCalibratingEv
                0x03804c20        0x8 c:\Users\s133023402\AppData\Roaming\Code\User\globalStorage\vexrobotics.vexcode\sdk\cpp\V5\V5_20240802_15_00_00/vexv5\libv5rt.a(vex_imu.cpp.obj)
                0x03804c20                non-virtual thunk to vex::inertial::isCalibrating()
 .text._ZN3vex8inertialC2ElNS_8turnTypeE
                0x03804c28       0x4c c:\Users\s133023402\AppData\Roaming\Code\User\globalStorage\vexrobotics.vexcode\sdk\cpp\V5\V5_20240802_15_00_00/vexv5\libv5rt.a(vex_imu.cpp.obj)
                0x03804c28                vex::inertial::inertial(long, vex::turnType)
                0x03804c28                vex::inertial::inertial(long, vex::turnType)
 .text._ZN3vex8inertial16startCalibrationEl
                0x03804c74       0x20 c:\Users\s133023402\AppData\Roaming\Code\User\globalStorage\vexrobotics.vexcode\sdk\cpp\V5\V5_20240802_15_00_00/vexv5\libv5rt.a(vex_imu.cpp.obj)
                0x03804c74                vex::inertial::startCalibration(long)
 .text._ZN3vex8inertial9calibrateEl
                0x03804c94        0xc c:\Users\s133023402\AppData\Roaming\Code\User\globalStorage\vexrobotics.vexcode\sdk\cpp\V5\V5_20240802_15_00_00/vexv5\libv5rt.a(vex_imu.cpp.obj)
                0x03804c94                vex::inertial::calibrate(long)
                0x03804c98                non-virtual thunk to vex::inertial::calibrate(long)
 .text._ZN3vex8rotationD2Ev
                0x03804ca0       0x20 c:\Users\s133023402\AppData\Roaming\Code\User\globalStorage\vexrobotics.vexcode\sdk\cpp\V5\V5_20240802_15_00_00/vexv5\libv5rt.a(vex_rotation.cpp.obj)
                0x03804ca0                vex::rotation::~rotation()
                0x03804ca0                vex::rotation::~rotation()
 .text._ZN3vex8rotationD0Ev
                0x03804cc0       0x1c c:\Users\s133023402\AppData\Roaming\Code\User\globalStorage\vexrobotics.vexcode\sdk\cpp\V5\V5_20240802_15_00_00/vexv5\libv5rt.a(vex_rotation.cpp.obj)
                0x03804cc0                vex::rotation::~rotation()
 .text._ZN3vex8rotation9installedEv
                0x03804cdc       0x18 c:\Users\s133023402\AppData\Roaming\Code\User\globalStorage\vexrobotics.vexcode\sdk\cpp\V5\V5_20240802_15_00_00/vexv5\libv5rt.a(vex_rotation.cpp.obj)
                0x03804cdc                vex::rotation::installed()
 .text._ZN3vex8rotation5valueEv
                0x03804cf4        0x8 c:\Users\s133023402\AppData\Roaming\Code\User\globalStorage\vexrobotics.vexcode\sdk\cpp\V5\V5_20240802_15_00_00/vexv5\libv5rt.a(vex_rotation.cpp.obj)
                0x03804cf4                vex::rotation::value()
 .text._ZN3vex8rotationC2Elb
                0x03804cfc       0x30 c:\Users\s133023402\AppData\Roaming\Code\User\globalStorage\vexrobotics.vexcode\sdk\cpp\V5\V5_20240802_15_00_00/vexv5\libv5rt.a(vex_rotation.cpp.obj)
                0x03804cfc                vex::rotation::rotation(long, bool)
                0x03804cfc                vex::rotation::rotation(long, bool)
 *fill*         0x03804d2c        0x4 
 .text._ZN3vex8rotation11setPositionEdNS_13rotationUnitsE
                0x03804d30       0x48 c:\Users\s133023402\AppData\Roaming\Code\User\globalStorage\vexrobotics.vexcode\sdk\cpp\V5\V5_20240802_15_00_00/vexv5\libv5rt.a(vex_rotation.cpp.obj)
                0x03804d30                vex::rotation::setPosition(double, vex::rotationUnits)
 .text._ZN3vex8rotation8positionENS_13rotationUnitsE
                0x03804d78       0x50 c:\Users\s133023402\AppData\Roaming\Code\User\globalStorage\vexrobotics.vexcode\sdk\cpp\V5\V5_20240802_15_00_00/vexv5\libv5rt.a(vex_rotation.cpp.obj)
                0x03804d78                vex::rotation::position(vex::rotationUnits)
 .text._ZN3vex7opticalD2Ev
                0x03804dc8       0x20 c:\Users\s133023402\AppData\Roaming\Code\User\globalStorage\vexrobotics.vexcode\sdk\cpp\V5\V5_20240802_15_00_00/vexv5\libv5rt.a(vex_optical.cpp.obj)
                0x03804dc8                vex::optical::~optical()
                0x03804dc8                vex::optical::~optical()
 .text._ZN3vex7opticalD0Ev
                0x03804de8       0x1c c:\Users\s133023402\AppData\Roaming\Code\User\globalStorage\vexrobotics.vexcode\sdk\cpp\V5\V5_20240802_15_00_00/vexv5\libv5rt.a(vex_optical.cpp.obj)
                0x03804de8                vex::optical::~optical()
 .text._ZN3vex7optical9installedEv
                0x03804e04       0x18 c:\Users\s133023402\AppData\Roaming\Code\User\globalStorage\vexrobotics.vexcode\sdk\cpp\V5\V5_20240802_15_00_00/vexv5\libv5rt.a(vex_optical.cpp.obj)
                0x03804e04                vex::optical::installed()
 .text._ZN3vex7optical3hueEv
                0x03804e1c        0x8 c:\Users\s133023402\AppData\Roaming\Code\User\globalStorage\vexrobotics.vexcode\sdk\cpp\V5\V5_20240802_15_00_00/vexv5\libv5rt.a(vex_optical.cpp.obj)
                0x03804e1c                vex::optical::hue()
 .text._ZN3vex7optical5valueEv
                0x03804e24       0x18 c:\Users\s133023402\AppData\Roaming\Code\User\globalStorage\vexrobotics.vexcode\sdk\cpp\V5\V5_20240802_15_00_00/vexv5\libv5rt.a(vex_optical.cpp.obj)
                0x03804e24                vex::optical::value()
 .text._ZN3vex7optical13setLightPowerElNS_12percentUnitsE
                0x03804e3c       0x2c c:\Users\s133023402\AppData\Roaming\Code\User\globalStorage\vexrobotics.vexcode\sdk\cpp\V5\V5_20240802_15_00_00/vexv5\libv5rt.a(vex_optical.cpp.obj)
                0x03804e3c                vex::optical::setLightPower(long, vex::percentUnits)
 .text._ZN3vex7optical13gestureEnableEv
                0x03804e68        0x8 c:\Users\s133023402\AppData\Roaming\Code\User\globalStorage\vexrobotics.vexcode\sdk\cpp\V5\V5_20240802_15_00_00/vexv5\libv5rt.a(vex_optical.cpp.obj)
                0x03804e68                vex::optical::gestureEnable()
 .text._ZN3vex7optical14gestureDisableEv
                0x03804e70        0x8 c:\Users\s133023402\AppData\Roaming\Code\User\globalStorage\vexrobotics.vexcode\sdk\cpp\V5\V5_20240802_15_00_00/vexv5\libv5rt.a(vex_optical.cpp.obj)
                0x03804e70                vex::optical::gestureDisable()
 .text._ZN3vex7opticalC2Elb
                0x03804e78       0x54 c:\Users\s133023402\AppData\Roaming\Code\User\globalStorage\vexrobotics.vexcode\sdk\cpp\V5\V5_20240802_15_00_00/vexv5\libv5rt.a(vex_optical.cpp.obj)
                0x03804e78                vex::optical::optical(long, bool)
                0x03804e78                vex::optical::optical(long, bool)
 .text._ZN3vex10controllerD2Ev
                0x03804ecc        0x4 c:\Users\s133023402\AppData\Roaming\Code\User\globalStorage\vexrobotics.vexcode\sdk\cpp\V5\V5_20240802_15_00_00/vexv5\libv5rt.a(vex_controller.cpp.obj)
                0x03804ecc                vex::controller::~controller()
                0x03804ecc                vex::controller::~controller()
 .text._ZN3vex10controller5valueE19_V5_ControllerIndex
                0x03804ed0        0x8 c:\Users\s133023402\AppData\Roaming\Code\User\globalStorage\vexrobotics.vexcode\sdk\cpp\V5\V5_20240802_15_00_00/vexv5\libv5rt.a(vex_controller.cpp.obj)
                0x03804ed0                vex::controller::value(_V5_ControllerIndex)
 .text._ZNK3vex10controller6button8pressingEv
                0x03804ed8       0xc8 c:\Users\s133023402\AppData\Roaming\Code\User\globalStorage\vexrobotics.vexcode\sdk\cpp\V5\V5_20240802_15_00_00/vexv5\libv5rt.a(vex_controller.cpp.obj)
                0x03804ed8                vex::controller::button::pressing() const
 .text._ZNK3vex10controller6button7pressedEPFvvE
                0x03804fa0      0x108 c:\Users\s133023402\AppData\Roaming\Code\User\globalStorage\vexrobotics.vexcode\sdk\cpp\V5\V5_20240802_15_00_00/vexv5\libv5rt.a(vex_controller.cpp.obj)
                0x03804fa0                vex::controller::button::pressed(void (*)()) const
 .text._ZNK3vex10controller6button21_buttonToPressedEventEv
                0x038050a8       0x20 c:\Users\s133023402\AppData\Roaming\Code\User\globalStorage\vexrobotics.vexcode\sdk\cpp\V5\V5_20240802_15_00_00/vexv5\libv5rt.a(vex_controller.cpp.obj)
                0x038050a8                vex::controller::button::_buttonToPressedEvent() const
 .text._ZNK3vex10controller6button22_buttonToReleasedEventEv
                0x038050c8       0x20 c:\Users\s133023402\AppData\Roaming\Code\User\globalStorage\vexrobotics.vexcode\sdk\cpp\V5\V5_20240802_15_00_00/vexv5\libv5rt.a(vex_controller.cpp.obj)
                0x038050c8                vex::controller::button::_buttonToReleasedEvent() const
 .text._ZN3vex10controller6buttonC2ENS0_11tButtonTypeEPS0_
                0x038050e8       0x48 c:\Users\s133023402\AppData\Roaming\Code\User\globalStorage\vexrobotics.vexcode\sdk\cpp\V5\V5_20240802_15_00_00/vexv5\libv5rt.a(vex_controller.cpp.obj)
                0x038050e8                vex::controller::button::button(vex::controller::tButtonType, vex::controller*)
                0x038050e8                vex::controller::button::button(vex::controller::tButtonType, vex::controller*)
 .text._ZNK3vex10controller4axis5valueEv
                0x03805130       0x58 c:\Users\s133023402\AppData\Roaming\Code\User\globalStorage\vexrobotics.vexcode\sdk\cpp\V5\V5_20240802_15_00_00/vexv5\libv5rt.a(vex_controller.cpp.obj)
                0x03805130                vex::controller::axis::value() const
 .text._ZNK3vex10controller4axis8positionENS_12percentUnitsE
                0x03805188       0x1c c:\Users\s133023402\AppData\Roaming\Code\User\globalStorage\vexrobotics.vexcode\sdk\cpp\V5\V5_20240802_15_00_00/vexv5\libv5rt.a(vex_controller.cpp.obj)
                0x03805188                vex::controller::axis::position(vex::percentUnits) const
 .text._ZNK3vex10controller4axis23_joystickToChangedEventEv
                0x038051a4       0x20 c:\Users\s133023402\AppData\Roaming\Code\User\globalStorage\vexrobotics.vexcode\sdk\cpp\V5\V5_20240802_15_00_00/vexv5\libv5rt.a(vex_controller.cpp.obj)
                0x038051a4                vex::controller::axis::_joystickToChangedEvent() const
 .text._ZN3vex10controller4axisC2ENS0_9tAxisTypeEPS0_
                0x038051c4       0x2c c:\Users\s133023402\AppData\Roaming\Code\User\globalStorage\vexrobotics.vexcode\sdk\cpp\V5\V5_20240802_15_00_00/vexv5\libv5rt.a(vex_controller.cpp.obj)
                0x038051c4                vex::controller::axis::axis(vex::controller::tAxisType, vex::controller*)
                0x038051c4                vex::controller::axis::axis(vex::controller::tAxisType, vex::controller*)
 .text._ZN3vex10controllerC2ENS_14controllerTypeE
                0x038051f0      0x16c c:\Users\s133023402\AppData\Roaming\Code\User\globalStorage\vexrobotics.vexcode\sdk\cpp\V5\V5_20240802_15_00_00/vexv5\libv5rt.a(vex_controller.cpp.obj)
                0x038051f0                vex::controller::controller(vex::controllerType)
                0x038051f0                vex::controller::controller(vex::controllerType)
 .text._ZN3vex10controller3lcd15getControllerIdEv
                0x0380535c       0x10 c:\Users\s133023402\AppData\Roaming\Code\User\globalStorage\vexrobotics.vexcode\sdk\cpp\V5\V5_20240802_15_00_00/vexv5\libv5rt.a(vex_controller.cpp.obj)
                0x0380535c                vex::controller::lcd::getControllerId()
 .text._ZN3vex10controller3lcd9setCursorEll
                0x0380536c       0x40 c:\Users\s133023402\AppData\Roaming\Code\User\globalStorage\vexrobotics.vexcode\sdk\cpp\V5\V5_20240802_15_00_00/vexv5\libv5rt.a(vex_controller.cpp.obj)
                0x0380536c                vex::controller::lcd::setCursor(long, long)
 .text._ZN3vex10controller3lcd5printEPKcz
                0x038053ac       0x80 c:\Users\s133023402\AppData\Roaming\Code\User\globalStorage\vexrobotics.vexcode\sdk\cpp\V5\V5_20240802_15_00_00/vexv5\libv5rt.a(vex_controller.cpp.obj)
                0x038053ac                vex::controller::lcd::print(char const*, ...)
 .text._ZN3vex4taskC2EPFivE
                0x0380542c       0x5c c:\Users\s133023402\AppData\Roaming\Code\User\globalStorage\vexrobotics.vexcode\sdk\cpp\V5\V5_20240802_15_00_00/vexv5\libv5rt.a(vex_task.cpp.obj)
                0x0380542c                vex::task::task(int (*)())
                0x0380542c                vex::task::task(int (*)())
 .text._ZN3vex4taskD2Ev
                0x03805488        0x4 c:\Users\s133023402\AppData\Roaming\Code\User\globalStorage\vexrobotics.vexcode\sdk\cpp\V5\V5_20240802_15_00_00/vexv5\libv5rt.a(vex_task.cpp.obj)
                0x03805488                vex::task::~task()
                0x03805488                vex::task::~task()
 .text._ZN3vex4task4stopEPvi
                0x0380548c       0x1c c:\Users\s133023402\AppData\Roaming\Code\User\globalStorage\vexrobotics.vexcode\sdk\cpp\V5\V5_20240802_15_00_00/vexv5\libv5rt.a(vex_task.cpp.obj)
                0x0380548c                vex::task::stop(void*, int)
 .text._ZN3vex4task7suspendEv
                0x038054a8       0x18 c:\Users\s133023402\AppData\Roaming\Code\User\globalStorage\vexrobotics.vexcode\sdk\cpp\V5\V5_20240802_15_00_00/vexv5\libv5rt.a(vex_task.cpp.obj)
                0x038054a8                vex::task::suspend()
 .text._ZN3vex4task6resumeEv
                0x038054c0       0x18 c:\Users\s133023402\AppData\Roaming\Code\User\globalStorage\vexrobotics.vexcode\sdk\cpp\V5\V5_20240802_15_00_00/vexv5\libv5rt.a(vex_task.cpp.obj)
                0x038054c0                vex::task::resume()
 .text._ZN3vex4task5sleepEm
                0x038054d8        0x4 c:\Users\s133023402\AppData\Roaming\Code\User\globalStorage\vexrobotics.vexcode\sdk\cpp\V5\V5_20240802_15_00_00/vexv5\libv5rt.a(vex_task.cpp.obj)
                0x038054d8                vex::task::sleep(unsigned long)
 .text._ZN3vex4task6_indexEPFivE
                0x038054dc       0x14 c:\Users\s133023402\AppData\Roaming\Code\User\globalStorage\vexrobotics.vexcode\sdk\cpp\V5\V5_20240802_15_00_00/vexv5\libv5rt.a(vex_task.cpp.obj)
                0x038054dc                vex::task::_index(int (*)())
 .text._ZN3vex4task8_stopAllEv
                0x038054f0       0x3c c:\Users\s133023402\AppData\Roaming\Code\User\globalStorage\vexrobotics.vexcode\sdk\cpp\V5\V5_20240802_15_00_00/vexv5\libv5rt.a(vex_task.cpp.obj)
                0x038054f0                vex::task::_stopAll()
 .text._ZN3vex11this_thread9sleep_forEm
                0x0380552c        0x4 c:\Users\s133023402\AppData\Roaming\Code\User\globalStorage\vexrobotics.vexcode\sdk\cpp\V5\V5_20240802_15_00_00/vexv5\libv5rt.a(vex_thread.cpp.obj)
                0x0380552c                vex::this_thread::sleep_for(unsigned long)
 .text._ZN3vex5event4initEmmPFvvE
                0x03805530        0x4 c:\Users\s133023402\AppData\Roaming\Code\User\globalStorage\vexrobotics.vexcode\sdk\cpp\V5\V5_20240802_15_00_00/vexv5\libv5rt.a(vex_event.cpp.obj)
                0x03805530                vex::event::init(unsigned long, unsigned long, void (*)())
 .text._ZN3vex5event4initEmmPFvPvES1_
                0x03805534        0x4 c:\Users\s133023402\AppData\Roaming\Code\User\globalStorage\vexrobotics.vexcode\sdk\cpp\V5\V5_20240802_15_00_00/vexv5\libv5rt.a(vex_event.cpp.obj)
                0x03805534                vex::event::init(unsigned long, unsigned long, void (*)(void*), void*)
 .text._ZN3vex5event9userindexEv
                0x03805538        0x4 c:\Users\s133023402\AppData\Roaming\Code\User\globalStorage\vexrobotics.vexcode\sdk\cpp\V5\V5_20240802_15_00_00/vexv5\libv5rt.a(vex_event.cpp.obj)
                0x03805538                vex::event::userindex()
 .text._ZZN3vex6meventC4EmmENUlvE_4_FUNEv
                0x0380553c        0x4 c:\Users\s133023402\AppData\Roaming\Code\User\globalStorage\vexrobotics.vexcode\sdk\cpp\V5\V5_20240802_15_00_00/vexv5\libv5rt.a(vex_mevent.cpp.obj)
 .text._ZN3vex6meventC2Emm
                0x03805540       0x70 c:\Users\s133023402\AppData\Roaming\Code\User\globalStorage\vexrobotics.vexcode\sdk\cpp\V5\V5_20240802_15_00_00/vexv5\libv5rt.a(vex_mevent.cpp.obj)
                0x03805540                vex::mevent::mevent(unsigned long, unsigned long)
                0x03805540                vex::mevent::mevent(unsigned long, unsigned long)
 .text._ZN3vex5brain9_getIndexEv
                0x038055b0       0x10 c:\Users\s133023402\AppData\Roaming\Code\User\globalStorage\vexrobotics.vexcode\sdk\cpp\V5\V5_20240802_15_00_00/vexv5\libv5rt.a(vex_brain.cpp.obj)
                0x038055b0                vex::brain::_getIndex()
 .text._ZN3vex5brain3lcd9setCursorEll
                0x038055c0       0x44 c:\Users\s133023402\AppData\Roaming\Code\User\globalStorage\vexrobotics.vexcode\sdk\cpp\V5\V5_20240802_15_00_00/vexv5\libv5rt.a(vex_brain.cpp.obj)
                0x038055c0                vex::brain::lcd::setCursor(long, long)
 .text._ZN3vex5brain3lcd7setFontENS_8fontTypeE
                0x03805604      0x23c c:\Users\s133023402\AppData\Roaming\Code\User\globalStorage\vexrobotics.vexcode\sdk\cpp\V5\V5_20240802_15_00_00/vexv5\libv5rt.a(vex_brain.cpp.obj)
                0x03805604                vex::brain::lcd::setFont(vex::fontType)
 .text._ZN3vex5brain3lcdC2Ev
                0x03805840       0x94 c:\Users\s133023402\AppData\Roaming\Code\User\globalStorage\vexrobotics.vexcode\sdk\cpp\V5\V5_20240802_15_00_00/vexv5\libv5rt.a(vex_brain.cpp.obj)
                0x03805840                vex::brain::lcd::lcd()
                0x03805840                vex::brain::lcd::lcd()
 .text._ZN3vex5brainC2Ev
                0x038058d4       0x3c c:\Users\s133023402\AppData\Roaming\Code\User\globalStorage\vexrobotics.vexcode\sdk\cpp\V5\V5_20240802_15_00_00/vexv5\libv5rt.a(vex_brain.cpp.obj)
                0x038058d4                vex::brain::brain()
                0x038058d4                vex::brain::brain()
 .text._ZN3vex5brain3lcd11setPenColorERKNS_5colorE
                0x03805910       0x14 c:\Users\s133023402\AppData\Roaming\Code\User\globalStorage\vexrobotics.vexcode\sdk\cpp\V5\V5_20240802_15_00_00/vexv5\libv5rt.a(vex_brain.cpp.obj)
                0x03805910                vex::brain::lcd::setPenColor(vex::color const&)
 .text._ZN3vex5brain3lcd12setFillColorERKNS_5colorE
                0x03805924       0x38 c:\Users\s133023402\AppData\Roaming\Code\User\globalStorage\vexrobotics.vexcode\sdk\cpp\V5\V5_20240802_15_00_00/vexv5\libv5rt.a(vex_brain.cpp.obj)
                0x03805924                vex::brain::lcd::setFillColor(vex::color const&)
 .text._ZN3vex5brain3lcd7printAtEllPKcz
                0x0380595c       0x54 c:\Users\s133023402\AppData\Roaming\Code\User\globalStorage\vexrobotics.vexcode\sdk\cpp\V5\V5_20240802_15_00_00/vexv5\libv5rt.a(vex_brain.cpp.obj)
                0x0380595c                vex::brain::lcd::printAt(long, long, char const*, ...)
 .text._ZN3vex5brain3lcd12_clearScreenEm
                0x038059b0       0x38 c:\Users\s133023402\AppData\Roaming\Code\User\globalStorage\vexrobotics.vexcode\sdk\cpp\V5\V5_20240802_15_00_00/vexv5\libv5rt.a(vex_brain.cpp.obj)
                0x038059b0                vex::brain::lcd::_clearScreen(unsigned long)
 .text._ZN3vex5brain3lcd11clearScreenERKNS_5colorE
                0x038059e8       0x20 c:\Users\s133023402\AppData\Roaming\Code\User\globalStorage\vexrobotics.vexcode\sdk\cpp\V5\V5_20240802_15_00_00/vexv5\libv5rt.a(vex_brain.cpp.obj)
                0x038059e8                vex::brain::lcd::clearScreen(vex::color const&)
 .text._ZN3vex5brain3lcd11clearScreenEv
                0x03805a08       0x2c c:\Users\s133023402\AppData\Roaming\Code\User\globalStorage\vexrobotics.vexcode\sdk\cpp\V5\V5_20240802_15_00_00/vexv5\libv5rt.a(vex_brain.cpp.obj)
                0x03805a08                vex::brain::lcd::clearScreen()
 .text._ZN3vex5brain3lcd9drawPixelEii
                0x03805a34       0x14 c:\Users\s133023402\AppData\Roaming\Code\User\globalStorage\vexrobotics.vexcode\sdk\cpp\V5\V5_20240802_15_00_00/vexv5\libv5rt.a(vex_brain.cpp.obj)
                0x03805a34                vex::brain::lcd::drawPixel(int, int)
 .text._ZN3vex5brain3lcd8drawLineEiiii
                0x03805a48      0x2c4 c:\Users\s133023402\AppData\Roaming\Code\User\globalStorage\vexrobotics.vexcode\sdk\cpp\V5\V5_20240802_15_00_00/vexv5\libv5rt.a(vex_brain.cpp.obj)
                0x03805a48                vex::brain::lcd::drawLine(int, int, int, int)
 .text._ZN3vex5brain3lcd13drawRectangleEiiii
                0x03805d0c       0xdc c:\Users\s133023402\AppData\Roaming\Code\User\globalStorage\vexrobotics.vexcode\sdk\cpp\V5\V5_20240802_15_00_00/vexv5\libv5rt.a(vex_brain.cpp.obj)
                0x03805d0c                vex::brain::lcd::drawRectangle(int, int, int, int)
 .text._ZN3vex5brain3lcd10drawCircleEiii
                0x03805de8       0xa4 c:\Users\s133023402\AppData\Roaming\Code\User\globalStorage\vexrobotics.vexcode\sdk\cpp\V5\V5_20240802_15_00_00/vexv5\libv5rt.a(vex_brain.cpp.obj)
                0x03805de8                vex::brain::lcd::drawCircle(int, int, int)
 .text._ZN3vex5brain3lcd9xPositionEv
                0x03805e8c       0x24 c:\Users\s133023402\AppData\Roaming\Code\User\globalStorage\vexrobotics.vexcode\sdk\cpp\V5\V5_20240802_15_00_00/vexv5\libv5rt.a(vex_brain.cpp.obj)
                0x03805e8c                vex::brain::lcd::xPosition()
 .text._ZN3vex5brain3lcd9yPositionEv
                0x03805eb0       0x24 c:\Users\s133023402\AppData\Roaming\Code\User\globalStorage\vexrobotics.vexcode\sdk\cpp\V5\V5_20240802_15_00_00/vexv5\libv5rt.a(vex_brain.cpp.obj)
                0x03805eb0                vex::brain::lcd::yPosition()
 .text._ZN3vex5brainD2Ev
                0x03805ed4       0x20 c:\Users\s133023402\AppData\Roaming\Code\User\globalStorage\vexrobotics.vexcode\sdk\cpp\V5\V5_20240802_15_00_00/vexv5\libv5rt.a(vex_brain.cpp.obj)
                0x03805ed4                vex::brain::~brain()
                0x03805ed4                vex::brain::~brain()
 .text._ZN3vex11competition8_disableEPv
                0x03805ef4       0xa4 c:\Users\s133023402\AppData\Roaming\Code\User\globalStorage\vexrobotics.vexcode\sdk\cpp\V5\V5_20240802_15_00_00/vexv5\libv5rt.a(vex_competition.cpp.obj)
                0x03805ef4                vex::competition::_disable(void*)
 .text._ZN3vex11competition11_autonomousEv
                0x03805f98       0x80 c:\Users\s133023402\AppData\Roaming\Code\User\globalStorage\vexrobotics.vexcode\sdk\cpp\V5\V5_20240802_15_00_00/vexv5\libv5rt.a(vex_competition.cpp.obj)
                0x03805f98                vex::competition::_autonomous()
 .text._ZN3vex11competition14_drivercontrolEv
                0x03806018       0x80 c:\Users\s133023402\AppData\Roaming\Code\User\globalStorage\vexrobotics.vexcode\sdk\cpp\V5\V5_20240802_15_00_00/vexv5\libv5rt.a(vex_competition.cpp.obj)
                0x03806018                vex::competition::_drivercontrol()
 .text._ZN3vex11competitionC2Ev
                0x03806098      0x13c c:\Users\s133023402\AppData\Roaming\Code\User\globalStorage\vexrobotics.vexcode\sdk\cpp\V5\V5_20240802_15_00_00/vexv5\libv5rt.a(vex_competition.cpp.obj)
                0x03806098                vex::competition::competition()
                0x03806098                vex::competition::competition()
 .text._ZN3vex11competitionD2Ev
                0x038061d4        0x4 c:\Users\s133023402\AppData\Roaming\Code\User\globalStorage\vexrobotics.vexcode\sdk\cpp\V5\V5_20240802_15_00_00/vexv5\libv5rt.a(vex_competition.cpp.obj)
                0x038061d4                vex::competition::~competition()
                0x038061d4                vex::competition::~competition()
 .text._ZN3vex11competition10autonomousEPFvvE
                0x038061d8       0x44 c:\Users\s133023402\AppData\Roaming\Code\User\globalStorage\vexrobotics.vexcode\sdk\cpp\V5\V5_20240802_15_00_00/vexv5\libv5rt.a(vex_competition.cpp.obj)
                0x038061d8                vex::competition::autonomous(void (*)())
 .text._ZN3vex11competition13drivercontrolEPFvvE
                0x0380621c       0x44 c:\Users\s133023402\AppData\Roaming\Code\User\globalStorage\vexrobotics.vexcode\sdk\cpp\V5\V5_20240802_15_00_00/vexv5\libv5rt.a(vex_competition.cpp.obj)
                0x0380621c                vex::competition::drivercontrol(void (*)())
 .text._ZN3vex7triportD2Ev
                0x03806260       0x38 c:\Users\s133023402\AppData\Roaming\Code\User\globalStorage\vexrobotics.vexcode\sdk\cpp\V5\V5_20240802_15_00_00/vexv5\libv5rt.a(vex_triport.cpp.obj)
                0x03806260                vex::triport::~triport()
                0x03806260                vex::triport::~triport()
 .text._ZN3vex7triportD0Ev
                0x03806298       0x1c c:\Users\s133023402\AppData\Roaming\Code\User\globalStorage\vexrobotics.vexcode\sdk\cpp\V5\V5_20240802_15_00_00/vexv5\libv5rt.a(vex_triport.cpp.obj)
                0x03806298                vex::triport::~triport()
 .text._ZN3vex7triport9installedEv
                0x038062b4       0x18 c:\Users\s133023402\AppData\Roaming\Code\User\globalStorage\vexrobotics.vexcode\sdk\cpp\V5\V5_20240802_15_00_00/vexv5\libv5rt.a(vex_triport.cpp.obj)
                0x038062b4                vex::triport::installed()
 .text._ZN3vex7triport4portC2ElPS0_
                0x038062cc       0x74 c:\Users\s133023402\AppData\Roaming\Code\User\globalStorage\vexrobotics.vexcode\sdk\cpp\V5\V5_20240802_15_00_00/vexv5\libv5rt.a(vex_triport.cpp.obj)
                0x038062cc                vex::triport::port::port(long, vex::triport*)
                0x038062cc                vex::triport::port::port(long, vex::triport*)
 .text._ZN3vex7triportC2El
                0x03806340       0xf0 c:\Users\s133023402\AppData\Roaming\Code\User\globalStorage\vexrobotics.vexcode\sdk\cpp\V5\V5_20240802_15_00_00/vexv5\libv5rt.a(vex_triport.cpp.obj)
                0x03806340                vex::triport::triport(long)
                0x03806340                vex::triport::triport(long)
 .text._ZN3vex7triport4port4typeENS_11triportTypeE
                0x03806430       0x30 c:\Users\s133023402\AppData\Roaming\Code\User\globalStorage\vexrobotics.vexcode\sdk\cpp\V5\V5_20240802_15_00_00/vexv5\libv5rt.a(vex_triport.cpp.obj)
                0x03806430                vex::triport::port::type(vex::triportType)
 .text._ZN3vex7triport4port4typeEv
                0x03806460       0x38 c:\Users\s133023402\AppData\Roaming\Code\User\globalStorage\vexrobotics.vexcode\sdk\cpp\V5\V5_20240802_15_00_00/vexv5\libv5rt.a(vex_triport.cpp.obj)
                0x03806460                vex::triport::port::type()
 .text._ZN3vex7triport4port5valueEl
                0x03806498       0x18 c:\Users\s133023402\AppData\Roaming\Code\User\globalStorage\vexrobotics.vexcode\sdk\cpp\V5\V5_20240802_15_00_00/vexv5\libv5rt.a(vex_triport.cpp.obj)
                0x03806498                vex::triport::port::value(long)
 .text._ZN3vex11__trideviceC2ERNS_7triport4portENS_11triportTypeE
                0x038064b0       0x5c c:\Users\s133023402\AppData\Roaming\Code\User\globalStorage\vexrobotics.vexcode\sdk\cpp\V5\V5_20240802_15_00_00/vexv5\libv5rt.a(vex_triport.cpp.obj)
                0x038064b0                vex::__tridevice::__tridevice(vex::triport::port&, vex::triportType)
                0x038064b0                vex::__tridevice::__tridevice(vex::triport::port&, vex::triportType)
 .text._ZN3vex5limitC2ERNS_7triport4portE
                0x0380650c       0x28 c:\Users\s133023402\AppData\Roaming\Code\User\globalStorage\vexrobotics.vexcode\sdk\cpp\V5\V5_20240802_15_00_00/vexv5\libv5rt.a(vex_triport.cpp.obj)
                0x0380650c                vex::limit::limit(vex::triport::port&)
                0x0380650c                vex::limit::limit(vex::triport::port&)
 .text._ZN3vex5limitD2Ev
                0x03806534        0x4 c:\Users\s133023402\AppData\Roaming\Code\User\globalStorage\vexrobotics.vexcode\sdk\cpp\V5\V5_20240802_15_00_00/vexv5\libv5rt.a(vex_triport.cpp.obj)
                0x03806534                vex::limit::~limit()
                0x03806534                vex::limit::~limit()
 .text._ZN3vex11digital_outC2ERNS_7triport4portE
                0x03806538       0x18 c:\Users\s133023402\AppData\Roaming\Code\User\globalStorage\vexrobotics.vexcode\sdk\cpp\V5\V5_20240802_15_00_00/vexv5\libv5rt.a(vex_triport.cpp.obj)
                0x03806538                vex::digital_out::digital_out(vex::triport::port&)
                0x03806538                vex::digital_out::digital_out(vex::triport::port&)
 .text._ZN3vex11digital_outD2Ev
                0x03806550        0x4 c:\Users\s133023402\AppData\Roaming\Code\User\globalStorage\vexrobotics.vexcode\sdk\cpp\V5\V5_20240802_15_00_00/vexv5\libv5rt.a(vex_triport.cpp.obj)
                0x03806550                vex::digital_out::~digital_out()
                0x03806550                vex::digital_out::~digital_out()
 .text._ZN3vex11digital_out3setEb
                0x03806554        0x8 c:\Users\s133023402\AppData\Roaming\Code\User\globalStorage\vexrobotics.vexcode\sdk\cpp\V5\V5_20240802_15_00_00/vexv5\libv5rt.a(vex_triport.cpp.obj)
                0x03806554                vex::digital_out::set(bool)
 .text._ZN3vex5colorD2Ev
                0x0380655c        0x4 c:\Users\s133023402\AppData\Roaming\Code\User\globalStorage\vexrobotics.vexcode\sdk\cpp\V5\V5_20240802_15_00_00/vexv5\libv5rt.a(vex_color.cpp.obj)
                0x0380655c                vex::color::~color()
                0x0380655c                vex::color::~color()
 .text._ZNK3vex5colorcvmEv
                0x03806560        0x8 c:\Users\s133023402\AppData\Roaming\Code\User\globalStorage\vexrobotics.vexcode\sdk\cpp\V5\V5_20240802_15_00_00/vexv5\libv5rt.a(vex_color.cpp.obj)
                0x03806560                vex::color::operator unsigned long() const
 .text._ZNK3vex5color13isTransparentEv
                0x03806568        0x8 c:\Users\s133023402\AppData\Roaming\Code\User\globalStorage\vexrobotics.vexcode\sdk\cpp\V5\V5_20240802_15_00_00/vexv5\libv5rt.a(vex_color.cpp.obj)
                0x03806568                vex::color::isTransparent() const
 .text.startup._GLOBAL__sub_I__ZN3vex5color5blackE
                0x03806570      0x164 c:\Users\s133023402\AppData\Roaming\Code\User\globalStorage\vexrobotics.vexcode\sdk\cpp\V5\V5_20240802_15_00_00/vexv5\libv5rt.a(vex_color.cpp.obj)
 .text._ZN3vex5timerD2Ev
                0x038066d4        0x4 c:\Users\s133023402\AppData\Roaming\Code\User\globalStorage\vexrobotics.vexcode\sdk\cpp\V5\V5_20240802_15_00_00/vexv5\libv5rt.a(vex_timer.cpp.obj)
                0x038066d4                vex::timer::~timer()
                0x038066d4                vex::timer::~timer()
 .text._ZN3vex5timer5clearEv
                0x038066d8       0x1c c:\Users\s133023402\AppData\Roaming\Code\User\globalStorage\vexrobotics.vexcode\sdk\cpp\V5\V5_20240802_15_00_00/vexv5\libv5rt.a(vex_timer.cpp.obj)
                0x038066d8                vex::timer::clear()
 .text._ZN3vex5timerC2Ev
                0x038066f4       0x14 c:\Users\s133023402\AppData\Roaming\Code\User\globalStorage\vexrobotics.vexcode\sdk\cpp\V5\V5_20240802_15_00_00/vexv5\libv5rt.a(vex_timer.cpp.obj)
                0x038066f4                vex::timer::timer()
                0x038066f4                vex::timer::timer()
 .text._ZN3vex11motor_group18motor_group_motorsC2Ev
                0x03806708       0x28 c:\Users\s133023402\AppData\Roaming\Code\User\globalStorage\vexrobotics.vexcode\sdk\cpp\V5\V5_20240802_15_00_00/vexv5\libv5rt.a(vex_motorgroup.cpp.obj)
                0x03806708                vex::motor_group::motor_group_motors::motor_group_motors()
                0x03806708                vex::motor_group::motor_group_motors::motor_group_motors()
 .text._ZN3vex11motor_group18motor_group_motorsC2ERKS1_
                0x03806730       0x20 c:\Users\s133023402\AppData\Roaming\Code\User\globalStorage\vexrobotics.vexcode\sdk\cpp\V5\V5_20240802_15_00_00/vexv5\libv5rt.a(vex_motorgroup.cpp.obj)
                0x03806730                vex::motor_group::motor_group_motors::motor_group_motors(vex::motor_group::motor_group_motors const&)
                0x03806730                vex::motor_group::motor_group_motors::motor_group_motors(vex::motor_group::motor_group_motors const&)
 .text._ZN3vex11motor_groupC2Ev
                0x03806750       0x1c c:\Users\s133023402\AppData\Roaming\Code\User\globalStorage\vexrobotics.vexcode\sdk\cpp\V5\V5_20240802_15_00_00/vexv5\libv5rt.a(vex_motorgroup.cpp.obj)
                0x03806750                vex::motor_group::motor_group()
                0x03806750                vex::motor_group::motor_group()
 .text._ZN3vex11motor_groupD2Ev
                0x0380676c        0x4 c:\Users\s133023402\AppData\Roaming\Code\User\globalStorage\vexrobotics.vexcode\sdk\cpp\V5\V5_20240802_15_00_00/vexv5\libv5rt.a(vex_motorgroup.cpp.obj)
                0x0380676c                vex::motor_group::~motor_group()
                0x0380676c                vex::motor_group::~motor_group()
 .text._ZN3vex11motor_group9_addMotorERNS_5motorE
                0x03806770       0x20 c:\Users\s133023402\AppData\Roaming\Code\User\globalStorage\vexrobotics.vexcode\sdk\cpp\V5\V5_20240802_15_00_00/vexv5\libv5rt.a(vex_motorgroup.cpp.obj)
                0x03806770                vex::motor_group::_addMotor(vex::motor&)
 .text._ZN3vex11motor_group11setVelocityEdNS_13velocityUnitsE
                0x03806790       0x4c c:\Users\s133023402\AppData\Roaming\Code\User\globalStorage\vexrobotics.vexcode\sdk\cpp\V5\V5_20240802_15_00_00/vexv5\libv5rt.a(vex_motorgroup.cpp.obj)
                0x03806790                vex::motor_group::setVelocity(double, vex::velocityUnits)
 .text._ZN3vex11motor_group11setStoppingENS_9brakeTypeE
                0x038067dc       0x38 c:\Users\s133023402\AppData\Roaming\Code\User\globalStorage\vexrobotics.vexcode\sdk\cpp\V5\V5_20240802_15_00_00/vexv5\libv5rt.a(vex_motorgroup.cpp.obj)
                0x038067dc                vex::motor_group::setStopping(vex::brakeType)
 .text._ZN3vex11motor_group4spinENS_13directionTypeE
                0x03806814       0x38 c:\Users\s133023402\AppData\Roaming\Code\User\globalStorage\vexrobotics.vexcode\sdk\cpp\V5\V5_20240802_15_00_00/vexv5\libv5rt.a(vex_motorgroup.cpp.obj)
                0x03806814                vex::motor_group::spin(vex::directionType)
 .text._ZN3vex11motor_group4spinENS_13directionTypeEdNS_13velocityUnitsE
                0x0380684c       0x54 c:\Users\s133023402\AppData\Roaming\Code\User\globalStorage\vexrobotics.vexcode\sdk\cpp\V5\V5_20240802_15_00_00/vexv5\libv5rt.a(vex_motorgroup.cpp.obj)
                0x0380684c                vex::motor_group::spin(vex::directionType, double, vex::velocityUnits)
 .text._ZN3vex11motor_group10isSpinningEv
                0x038068a0       0x40 c:\Users\s133023402\AppData\Roaming\Code\User\globalStorage\vexrobotics.vexcode\sdk\cpp\V5\V5_20240802_15_00_00/vexv5\libv5rt.a(vex_motorgroup.cpp.obj)
                0x038068a0                vex::motor_group::isSpinning()
 .text._ZN3vex11motor_group6isDoneEv
                0x038068e0       0x14 c:\Users\s133023402\AppData\Roaming\Code\User\globalStorage\vexrobotics.vexcode\sdk\cpp\V5\V5_20240802_15_00_00/vexv5\libv5rt.a(vex_motorgroup.cpp.obj)
                0x038068e0                vex::motor_group::isDone()
 .text._ZN3vex11motor_group14isSpinningModeEv
                0x038068f4       0x40 c:\Users\s133023402\AppData\Roaming\Code\User\globalStorage\vexrobotics.vexcode\sdk\cpp\V5\V5_20240802_15_00_00/vexv5\libv5rt.a(vex_motorgroup.cpp.obj)
                0x038068f4                vex::motor_group::isSpinningMode()
 .text._ZN3vex11motor_group4stopEv
                0x03806934       0x30 c:\Users\s133023402\AppData\Roaming\Code\User\globalStorage\vexrobotics.vexcode\sdk\cpp\V5\V5_20240802_15_00_00/vexv5\libv5rt.a(vex_motorgroup.cpp.obj)
                0x03806934                vex::motor_group::stop()
 .text._ZN3vex11motor_group4stopENS_9brakeTypeE
                0x03806964       0x38 c:\Users\s133023402\AppData\Roaming\Code\User\globalStorage\vexrobotics.vexcode\sdk\cpp\V5\V5_20240802_15_00_00/vexv5\libv5rt.a(vex_motorgroup.cpp.obj)
                0x03806964                vex::motor_group::stop(vex::brakeType)
 .text._ZN3vex11motor_group20waitForCompletionAllEv
                0x0380699c       0x60 c:\Users\s133023402\AppData\Roaming\Code\User\globalStorage\vexrobotics.vexcode\sdk\cpp\V5\V5_20240802_15_00_00/vexv5\libv5rt.a(vex_motorgroup.cpp.obj)
                0x0380699c                vex::motor_group::waitForCompletionAll()
 .text._ZN3vex11motor_group7spinForENS_13directionTypeEdNS_13rotationUnitsEdNS_13velocityUnitsEb
                0x038069fc       0xa8 c:\Users\s133023402\AppData\Roaming\Code\User\globalStorage\vexrobotics.vexcode\sdk\cpp\V5\V5_20240802_15_00_00/vexv5\libv5rt.a(vex_motorgroup.cpp.obj)
                0x038069fc                vex::motor_group::spinFor(vex::directionType, double, vex::rotationUnits, double, vex::velocityUnits, bool)
 .text._ZN3vex11motor_group7spinForENS_13directionTypeEdNS_13rotationUnitsEb
                0x03806aa4       0x80 c:\Users\s133023402\AppData\Roaming\Code\User\globalStorage\vexrobotics.vexcode\sdk\cpp\V5\V5_20240802_15_00_00/vexv5\libv5rt.a(vex_motorgroup.cpp.obj)
                0x03806aa4                vex::motor_group::spinFor(vex::directionType, double, vex::rotationUnits, bool)
 .text._ZN3vex10drivetrainD2Ev
                0x03806b24       0x28 c:\Users\s133023402\AppData\Roaming\Code\User\globalStorage\vexrobotics.vexcode\sdk\cpp\V5\V5_20240802_15_00_00/vexv5\libv5rt.a(vex_drivetrain.cpp.obj)
                0x03806b24                vex::drivetrain::~drivetrain()
                0x03806b24                vex::drivetrain::~drivetrain()
 .text._ZN3vex10drivetrainD0Ev
                0x03806b4c       0x1c c:\Users\s133023402\AppData\Roaming\Code\User\globalStorage\vexrobotics.vexcode\sdk\cpp\V5\V5_20240802_15_00_00/vexv5\libv5rt.a(vex_drivetrain.cpp.obj)
                0x03806b4c                vex::drivetrain::~drivetrain()
 .text._ZN3vex10drivetrain8isMovingEv
                0x03806b68       0x24 c:\Users\s133023402\AppData\Roaming\Code\User\globalStorage\vexrobotics.vexcode\sdk\cpp\V5\V5_20240802_15_00_00/vexv5\libv5rt.a(vex_drivetrain.cpp.obj)
                0x03806b68                vex::drivetrain::isMoving()
 .text._ZN3vex10drivetrain16setDriveVelocityEdNS_13velocityUnitsE
                0x03806b8c       0x48 c:\Users\s133023402\AppData\Roaming\Code\User\globalStorage\vexrobotics.vexcode\sdk\cpp\V5\V5_20240802_15_00_00/vexv5\libv5rt.a(vex_drivetrain.cpp.obj)
                0x03806b8c                vex::drivetrain::setDriveVelocity(double, vex::velocityUnits)
 *fill*         0x03806bd4        0x4 
 .text._ZN3vex10drivetrain12setGearRatioEd
                0x03806bd8       0x54 c:\Users\s133023402\AppData\Roaming\Code\User\globalStorage\vexrobotics.vexcode\sdk\cpp\V5\V5_20240802_15_00_00/vexv5\libv5rt.a(vex_drivetrain.cpp.obj)
                0x03806bd8                vex::drivetrain::setGearRatio(double)
 .text._ZN3vex10drivetrain16setDriveVelocityEdNS_12percentUnitsE
                0x03806c2c        0x4 c:\Users\s133023402\AppData\Roaming\Code\User\globalStorage\vexrobotics.vexcode\sdk\cpp\V5\V5_20240802_15_00_00/vexv5\libv5rt.a(vex_drivetrain.cpp.obj)
                0x03806c2c                vex::drivetrain::setDriveVelocity(double, vex::percentUnits)
 .text._ZN3vex10drivetrain11setStoppingENS_9brakeTypeE
                0x03806c30       0x24 c:\Users\s133023402\AppData\Roaming\Code\User\globalStorage\vexrobotics.vexcode\sdk\cpp\V5\V5_20240802_15_00_00/vexv5\libv5rt.a(vex_drivetrain.cpp.obj)
                0x03806c30                vex::drivetrain::setStopping(vex::brakeType)
 .text._ZN3vex10drivetrain4turnENS_8turnTypeE
                0x03806c54       0x50 c:\Users\s133023402\AppData\Roaming\Code\User\globalStorage\vexrobotics.vexcode\sdk\cpp\V5\V5_20240802_15_00_00/vexv5\libv5rt.a(vex_drivetrain.cpp.obj)
                0x03806c54                vex::drivetrain::turn(vex::turnType)
 .text._ZN3vex10drivetrain15setTurnVelocityEdNS_13velocityUnitsE
                0x03806ca4       0x28 c:\Users\s133023402\AppData\Roaming\Code\User\globalStorage\vexrobotics.vexcode\sdk\cpp\V5\V5_20240802_15_00_00/vexv5\libv5rt.a(vex_drivetrain.cpp.obj)
                0x03806ca4                vex::drivetrain::setTurnVelocity(double, vex::velocityUnits)
 .text._ZN3vex10drivetrain6isDoneEv
                0x03806ccc       0x14 c:\Users\s133023402\AppData\Roaming\Code\User\globalStorage\vexrobotics.vexcode\sdk\cpp\V5\V5_20240802_15_00_00/vexv5\libv5rt.a(vex_drivetrain.cpp.obj)
                0x03806ccc                vex::drivetrain::isDone()
 .text._ZN3vex10drivetrain4stopEv
                0x03806ce0       0x24 c:\Users\s133023402\AppData\Roaming\Code\User\globalStorage\vexrobotics.vexcode\sdk\cpp\V5\V5_20240802_15_00_00/vexv5\libv5rt.a(vex_drivetrain.cpp.obj)
                0x03806ce0                vex::drivetrain::stop()
 .text._ZN3vex10drivetrain21_waitForCompletionAllEv
                0x03806d04       0x80 c:\Users\s133023402\AppData\Roaming\Code\User\globalStorage\vexrobotics.vexcode\sdk\cpp\V5\V5_20240802_15_00_00/vexv5\libv5rt.a(vex_drivetrain.cpp.obj)
                0x03806d04                vex::drivetrain::_waitForCompletionAll()
 *fill*         0x03806d84        0x4 
 .text._ZN3vex10drivetrain12distanceToMmEdNS_13distanceUnitsE
                0x03806d88       0x38 c:\Users\s133023402\AppData\Roaming\Code\User\globalStorage\vexrobotics.vexcode\sdk\cpp\V5\V5_20240802_15_00_00/vexv5\libv5rt.a(vex_drivetrain.cpp.obj)
                0x03806d88                vex::drivetrain::distanceToMm(double, vex::distanceUnits)
 .text._ZN3vex10drivetrainC2ERNS_11motor_groupES2_dddNS_13distanceUnitsEd
                0x03806dc0      0x110 c:\Users\s133023402\AppData\Roaming\Code\User\globalStorage\vexrobotics.vexcode\sdk\cpp\V5\V5_20240802_15_00_00/vexv5\libv5rt.a(vex_drivetrain.cpp.obj)
                0x03806dc0                vex::drivetrain::drivetrain(vex::motor_group&, vex::motor_group&, double, double, double, vex::distanceUnits, double)
                0x03806dc0                vex::drivetrain::drivetrain(vex::motor_group&, vex::motor_group&, double, double, double, vex::distanceUnits, double)
 .text._ZN3vex10drivetrain14distanceToRevsEdNS_13distanceUnitsE
                0x03806ed0       0x34 c:\Users\s133023402\AppData\Roaming\Code\User\globalStorage\vexrobotics.vexcode\sdk\cpp\V5\V5_20240802_15_00_00/vexv5\libv5rt.a(vex_drivetrain.cpp.obj)
                0x03806ed0                vex::drivetrain::distanceToRevs(double, vex::distanceUnits)
 .text._ZN3vex10drivetrain8driveForENS_13directionTypeEdNS_13distanceUnitsEb
                0x03806f04       0x90 c:\Users\s133023402\AppData\Roaming\Code\User\globalStorage\vexrobotics.vexcode\sdk\cpp\V5\V5_20240802_15_00_00/vexv5\libv5rt.a(vex_drivetrain.cpp.obj)
                0x03806f04                vex::drivetrain::driveFor(vex::directionType, double, vex::distanceUnits, bool)
 .text._ZN3vex10drivetrain8driveForEdNS_13distanceUnitsEb
                0x03806f94       0x10 c:\Users\s133023402\AppData\Roaming\Code\User\globalStorage\vexrobotics.vexcode\sdk\cpp\V5\V5_20240802_15_00_00/vexv5\libv5rt.a(vex_drivetrain.cpp.obj)
                0x03806f94                vex::drivetrain::driveFor(double, vex::distanceUnits, bool)
 .text._ZN3vex10drivetrain8driveForENS_13directionTypeEdNS_13distanceUnitsEdNS_13velocityUnitsEb
                0x03806fa4       0xc8 c:\Users\s133023402\AppData\Roaming\Code\User\globalStorage\vexrobotics.vexcode\sdk\cpp\V5\V5_20240802_15_00_00/vexv5\libv5rt.a(vex_drivetrain.cpp.obj)
                0x03806fa4                vex::drivetrain::driveFor(vex::directionType, double, vex::distanceUnits, double, vex::velocityUnits, bool)
 .text._ZN3vex10drivetrain8driveForEdNS_13distanceUnitsEdNS_13velocityUnitsEb
                0x0380706c       0x18 c:\Users\s133023402\AppData\Roaming\Code\User\globalStorage\vexrobotics.vexcode\sdk\cpp\V5\V5_20240802_15_00_00/vexv5\libv5rt.a(vex_drivetrain.cpp.obj)
                0x0380706c                vex::drivetrain::driveFor(double, vex::distanceUnits, double, vex::velocityUnits, bool)
 *fill*         0x03807084        0x4 
 .text._ZN3vex10drivetrain11angleToRevsEdNS_13rotationUnitsE
                0x03807088       0x98 c:\Users\s133023402\AppData\Roaming\Code\User\globalStorage\vexrobotics.vexcode\sdk\cpp\V5\V5_20240802_15_00_00/vexv5\libv5rt.a(vex_drivetrain.cpp.obj)
                0x03807088                vex::drivetrain::angleToRevs(double, vex::rotationUnits)
 .text._ZN3vex10drivetrain7turnForENS_8turnTypeEdNS_13rotationUnitsEb
                0x03807120       0xbc c:\Users\s133023402\AppData\Roaming\Code\User\globalStorage\vexrobotics.vexcode\sdk\cpp\V5\V5_20240802_15_00_00/vexv5\libv5rt.a(vex_drivetrain.cpp.obj)
                0x03807120                vex::drivetrain::turnFor(vex::turnType, double, vex::rotationUnits, bool)
 .text._ZN3vex10drivetrain7turnForEdNS_13rotationUnitsEb
                0x038071dc       0x10 c:\Users\s133023402\AppData\Roaming\Code\User\globalStorage\vexrobotics.vexcode\sdk\cpp\V5\V5_20240802_15_00_00/vexv5\libv5rt.a(vex_drivetrain.cpp.obj)
                0x038071dc                vex::drivetrain::turnFor(double, vex::rotationUnits, bool)
 .text._ZN3vex10drivetrain7turnForENS_8turnTypeEdNS_13rotationUnitsEdNS_13velocityUnitsEb
                0x038071ec       0xd0 c:\Users\s133023402\AppData\Roaming\Code\User\globalStorage\vexrobotics.vexcode\sdk\cpp\V5\V5_20240802_15_00_00/vexv5\libv5rt.a(vex_drivetrain.cpp.obj)
                0x038071ec                vex::drivetrain::turnFor(vex::turnType, double, vex::rotationUnits, double, vex::velocityUnits, bool)
 .text._ZN3vex10drivetrain7turnForEdNS_13rotationUnitsEdNS_13velocityUnitsEb
                0x038072bc       0x18 c:\Users\s133023402\AppData\Roaming\Code\User\globalStorage\vexrobotics.vexcode\sdk\cpp\V5\V5_20240802_15_00_00/vexv5\libv5rt.a(vex_drivetrain.cpp.obj)
                0x038072bc                vex::drivetrain::turnFor(double, vex::rotationUnits, double, vex::velocityUnits, bool)
 .text.vexAdiPortConfigSet
                0x038072d4       0x28 c:\Users\s133023402\AppData\Roaming\Code\User\globalStorage\vexrobotics.vexcode\sdk\cpp\V5\V5_20240802_15_00_00/vexv5\libv5rt.a(v5_apiuser.c.obj)
                0x038072d4                vexAdiPortConfigSet
 .text.vexAdiPortConfigGet
                0x038072fc       0x28 c:\Users\s133023402\AppData\Roaming\Code\User\globalStorage\vexrobotics.vexcode\sdk\cpp\V5\V5_20240802_15_00_00/vexv5\libv5rt.a(v5_apiuser.c.obj)
                0x038072fc                vexAdiPortConfigGet
 .text.vexAdiValueSet
                0x03807324       0x28 c:\Users\s133023402\AppData\Roaming\Code\User\globalStorage\vexrobotics.vexcode\sdk\cpp\V5\V5_20240802_15_00_00/vexv5\libv5rt.a(v5_apiuser.c.obj)
                0x03807324                vexAdiValueSet
 .text.vexMotorVelocitySet
                0x0380734c       0x20 c:\Users\s133023402\AppData\Roaming\Code\User\globalStorage\vexrobotics.vexcode\sdk\cpp\V5\V5_20240802_15_00_00/vexv5\libv5rt.a(v5_apiuser.c.obj)
                0x0380734c                vexMotorVelocitySet
 .text.vexMotorVelocityGet
                0x0380736c       0x18 c:\Users\s133023402\AppData\Roaming\Code\User\globalStorage\vexrobotics.vexcode\sdk\cpp\V5\V5_20240802_15_00_00/vexv5\libv5rt.a(v5_apiuser.c.obj)
                0x0380736c                vexMotorVelocityGet
 .text.vexMotorActualVelocityGet
                0x03807384       0x24 c:\Users\s133023402\AppData\Roaming\Code\User\globalStorage\vexrobotics.vexcode\sdk\cpp\V5\V5_20240802_15_00_00/vexv5\libv5rt.a(v5_apiuser.c.obj)
                0x03807384                vexMotorActualVelocityGet
 .text.vexMotorModeGet
                0x038073a8       0x18 c:\Users\s133023402\AppData\Roaming\Code\User\globalStorage\vexrobotics.vexcode\sdk\cpp\V5\V5_20240802_15_00_00/vexv5\libv5rt.a(v5_apiuser.c.obj)
                0x038073a8                vexMotorModeGet
 .text.vexMotorCurrentLimitSet